<html>
<body>
<pre>
<h1>µVision Build Log</h1>
<h2>Tool Versions:</h2>
IDE-Version: µVision V5.21.1.0
Copyright (C) 2016 ARM Ltd and ARM Germany GmbH. All rights reserved.
License Information: Ruslan Shakirov, EPAM Systems, LIC=----
 
Tool Versions:
Toolchain:       MDK-Lite  Version: 5.21a
Toolchain Path:  C:\ToolsARM\Keil_v5\ARM\ARMCC\Bin
C Compiler:      Armcc.exe V5.06 update 3 (build 300)
Assembler:       Armasm.exe V5.06 update 3 (build 300)
Linker/Locator:  ArmLink.exe V5.06 update 3 (build 300)
Library Manager: ArmAr.exe V5.06 update 3 (build 300)
Hex Converter:   FromElf.exe V5.06 update 3 (build 300)
CPU DLL:         SARMCM3.DLL V5.21a
Dialog DLL:      DCM.DLL V1.13.8.0
Target DLL:      STLink\ST-LINKIII-KEIL_SWO.dll V2.0.18.0
Dialog DLL:      TCM.DLL V1.14.14.0
 
<h2>Project:</h2>
C:\Electronics\rfe\rfe24\MDK-ARM\rfe24.uvprojx
Project File Date:  10/02/2016

<h2>Output:</h2>
*** Using Compiler 'V5.06 update 3 (build 300)', folder: 'C:\ToolsARM\Keil_v5\ARM\ARMCC\Bin'
Build target 'rfe24'
compiling main.c...
../Src/main.c(120): warning:  #177-D: variable "RTC_date" was declared but never referenced
  	RTC_DateTypeDef RTC_date;
../Src/main.c(121): warning:  #550-D: variable "RTC_alarm" was set but never used
  	RTC_AlarmTypeDef RTC_alarm;
../Src/main.c(294): warning:  #188-D: enumerated type mixed with another type
  	rf.ADDR_WIDTH = 
_RF_ADDR_WIDTH;
../Src/main.c: 3 warnings, 0 errors
linking...
Program Size: Code=9244 RO-data=292 RW-data=44 ZI-data=1772  
"rfe24\rfe24.axf" - 0 Error(s), 3 Warning(s).

<h2>Software Packages used:</h2>

Package Vendor: ARM
                http://www.keil.com/pack/ARM.CMSIS.5.0.0-Beta4.pack
                ARM::CMSIS:CORE:5.0.0
                CMSIS (Cortex Microcontroller Software Interface Standard)
   * Component: CORE Version: 5.0.0

<h2>Collection of Component include folders:</h2>
  C:\Electronics\rfe\rfe24\MDK-ARM\RTE
  C:\ToolsARM\Keil_v5\ARM\PACK\ARM\CMSIS\5.0.0-Beta4\CMSIS\Include
  C:\ToolsARM\Keil_v5\ARM\PACK\Keil\STM32F1xx_DFP\2.1.0\Device\Include

<h2>Collection of Component Files used:</h2>

   * Component: ARM::CMSIS:CORE:5.0.0
Build Time Elapsed:  00:00:01
</pre>
</body>
</html>
