Component: ARM Compiler 5.06 update 3 (build 300) Tool: armlink [4d35c9]

==============================================================================

Section Cross References

    startup_stm32f103xb.o(RESET) refers to startup_stm32f103xb.o(STACK) for __initial_sp
    startup_stm32f103xb.o(RESET) refers to startup_stm32f103xb.o(.text) for Reset_Handler
    startup_stm32f103xb.o(RESET) refers to stm32f1xx_it.o(i.NMI_Handler) for NMI_Handler
    startup_stm32f103xb.o(RESET) refers to stm32f1xx_it.o(i.HardFault_Handler) for HardFault_Handler
    startup_stm32f103xb.o(RESET) refers to stm32f1xx_it.o(i.MemManage_Handler) for MemManage_Handler
    startup_stm32f103xb.o(RESET) refers to stm32f1xx_it.o(i.BusFault_Handler) for BusFault_Handler
    startup_stm32f103xb.o(RESET) refers to stm32f1xx_it.o(i.UsageFault_Handler) for UsageFault_Handler
    startup_stm32f103xb.o(RESET) refers to stm32f1xx_it.o(i.SVC_Handler) for SVC_Handler
    startup_stm32f103xb.o(RESET) refers to stm32f1xx_it.o(i.DebugMon_Handler) for DebugMon_Handler
    startup_stm32f103xb.o(RESET) refers to stm32f1xx_it.o(i.PendSV_Handler) for PendSV_Handler
    startup_stm32f103xb.o(RESET) refers to stm32f1xx_it.o(i.SysTick_Handler) for SysTick_Handler
    startup_stm32f103xb.o(RESET) refers to stm32f1xx_it.o(i.EXTI15_10_IRQHandler) for EXTI15_10_IRQHandler
    startup_stm32f103xb.o(.text) refers to system_stm32f1xx.o(i.SystemInit) for SystemInit
    startup_stm32f103xb.o(.text) refers to entry.o(.ARM.Collect$$$$00000000) for __main
    stm32f1xx_hal_flash_ex.o(i.FLASH_MassErase) refers to stm32f1xx_hal_flash.o(.bss) for pFlash
    stm32f1xx_hal_flash_ex.o(i.FLASH_OB_DisableWRP) refers to stm32f1xx_hal_flash.o(i.FLASH_WaitForLastOperation) for FLASH_WaitForLastOperation
    stm32f1xx_hal_flash_ex.o(i.FLASH_OB_DisableWRP) refers to stm32f1xx_hal_flash_ex.o(i.HAL_FLASHEx_OBErase) for HAL_FLASHEx_OBErase
    stm32f1xx_hal_flash_ex.o(i.FLASH_OB_DisableWRP) refers to stm32f1xx_hal_flash.o(.bss) for pFlash
    stm32f1xx_hal_flash_ex.o(i.FLASH_OB_EnableWRP) refers to stm32f1xx_hal_flash.o(i.FLASH_WaitForLastOperation) for FLASH_WaitForLastOperation
    stm32f1xx_hal_flash_ex.o(i.FLASH_OB_EnableWRP) refers to stm32f1xx_hal_flash_ex.o(i.HAL_FLASHEx_OBErase) for HAL_FLASHEx_OBErase
    stm32f1xx_hal_flash_ex.o(i.FLASH_OB_EnableWRP) refers to stm32f1xx_hal_flash.o(.bss) for pFlash
    stm32f1xx_hal_flash_ex.o(i.FLASH_OB_RDP_LevelConfig) refers to stm32f1xx_hal_flash.o(i.FLASH_WaitForLastOperation) for FLASH_WaitForLastOperation
    stm32f1xx_hal_flash_ex.o(i.FLASH_OB_RDP_LevelConfig) refers to stm32f1xx_hal_flash.o(.bss) for pFlash
    stm32f1xx_hal_flash_ex.o(i.FLASH_PageErase) refers to stm32f1xx_hal_flash.o(.bss) for pFlash
    stm32f1xx_hal_flash_ex.o(i.HAL_FLASHEx_Erase) refers to stm32f1xx_hal_flash.o(i.FLASH_WaitForLastOperation) for FLASH_WaitForLastOperation
    stm32f1xx_hal_flash_ex.o(i.HAL_FLASHEx_Erase) refers to stm32f1xx_hal_flash_ex.o(i.FLASH_MassErase) for FLASH_MassErase
    stm32f1xx_hal_flash_ex.o(i.HAL_FLASHEx_Erase) refers to stm32f1xx_hal_flash_ex.o(i.FLASH_PageErase) for FLASH_PageErase
    stm32f1xx_hal_flash_ex.o(i.HAL_FLASHEx_Erase) refers to stm32f1xx_hal_flash.o(.bss) for pFlash
    stm32f1xx_hal_flash_ex.o(i.HAL_FLASHEx_Erase_IT) refers to stm32f1xx_hal_flash_ex.o(i.FLASH_PageErase) for FLASH_PageErase
    stm32f1xx_hal_flash_ex.o(i.HAL_FLASHEx_Erase_IT) refers to stm32f1xx_hal_flash_ex.o(i.FLASH_MassErase) for FLASH_MassErase
    stm32f1xx_hal_flash_ex.o(i.HAL_FLASHEx_Erase_IT) refers to stm32f1xx_hal_flash.o(.bss) for pFlash
    stm32f1xx_hal_flash_ex.o(i.HAL_FLASHEx_OBErase) refers to stm32f1xx_hal_flash_ex.o(i.FLASH_OB_GetRDP) for FLASH_OB_GetRDP
    stm32f1xx_hal_flash_ex.o(i.HAL_FLASHEx_OBErase) refers to stm32f1xx_hal_flash.o(i.FLASH_WaitForLastOperation) for FLASH_WaitForLastOperation
    stm32f1xx_hal_flash_ex.o(i.HAL_FLASHEx_OBErase) refers to stm32f1xx_hal_flash_ex.o(i.FLASH_OB_RDP_LevelConfig) for FLASH_OB_RDP_LevelConfig
    stm32f1xx_hal_flash_ex.o(i.HAL_FLASHEx_OBErase) refers to stm32f1xx_hal_flash.o(.bss) for pFlash
    stm32f1xx_hal_flash_ex.o(i.HAL_FLASHEx_OBGetConfig) refers to stm32f1xx_hal_flash_ex.o(i.FLASH_OB_GetRDP) for FLASH_OB_GetRDP
    stm32f1xx_hal_flash_ex.o(i.HAL_FLASHEx_OBProgram) refers to stm32f1xx_hal_flash_ex.o(i.FLASH_OB_DisableWRP) for FLASH_OB_DisableWRP
    stm32f1xx_hal_flash_ex.o(i.HAL_FLASHEx_OBProgram) refers to stm32f1xx_hal_flash_ex.o(i.FLASH_OB_EnableWRP) for FLASH_OB_EnableWRP
    stm32f1xx_hal_flash_ex.o(i.HAL_FLASHEx_OBProgram) refers to stm32f1xx_hal_flash_ex.o(i.FLASH_OB_RDP_LevelConfig) for FLASH_OB_RDP_LevelConfig
    stm32f1xx_hal_flash_ex.o(i.HAL_FLASHEx_OBProgram) refers to stm32f1xx_hal_flash.o(i.FLASH_WaitForLastOperation) for FLASH_WaitForLastOperation
    stm32f1xx_hal_flash_ex.o(i.HAL_FLASHEx_OBProgram) refers to stm32f1xx_hal_flash.o(.bss) for pFlash
    stm32f1xx_hal_flash.o(i.FLASH_Program_HalfWord) refers to stm32f1xx_hal_flash.o(.bss) for .bss
[...]
    stm32f1xx_it.o(i.SysTick_Handler) refers to stm32f1xx_hal.o(i.HAL_IncTick) for HAL_IncTick
    stm32f1xx_it.o(i.SysTick_Handler) refers to stm32f1xx_hal_cortex.o(i.HAL_SYSTICK_IRQHandler) for HAL_SYSTICK_IRQHandler
    stm32f1xx_hal_msp.o(i.HAL_MspInit) refers to stm32f1xx_hal_cortex.o(i.HAL_NVIC_SetPriorityGrouping) for HAL_NVIC_SetPriorityGrouping
    stm32f1xx_hal_msp.o(i.HAL_MspInit) refers to stm32f1xx_hal_cortex.o(i.HAL_NVIC_SetPriority) for HAL_NVIC_SetPriority
    stm32f1xx_hal_msp.o(i.HAL_RTC_MspInit) refers to stm32f1xx_hal_pwr.o(i.HAL_PWR_EnableBkUpAccess) for HAL_PWR_EnableBkUpAccess
    stm32f1xx_hal_msp.o(i.HAL_SPI_MspDeInit) refers to stm32f1xx_hal_gpio.o(i.HAL_GPIO_DeInit) for HAL_GPIO_DeInit
    stm32f1xx_hal_msp.o(i.HAL_SPI_MspInit) refers to stm32f1xx_hal_gpio.o(i.HAL_GPIO_Init) for HAL_GPIO_Init
    main.o(i.HAL_GPIO_EXTI_Callback) refers to nrf24l01.o(i.NRF_IRQ_Handler) for NRF_IRQ_Handler
    main.o(i.HAL_GPIO_EXTI_Callback) refers to stm32f1xx_hal_cortex.o(i.HAL_NVIC_ClearPendingIRQ) for HAL_NVIC_ClearPendingIRQ
    main.o(i.HAL_GPIO_EXTI_Callback) refers to main.o(.bss) for .bss
    main.o(i.HAL_RTC_AlarmAEventCallback) refers to stm32f1xx_hal_gpio.o(i.HAL_GPIO_TogglePin) for HAL_GPIO_TogglePin
    main.o(i.HAL_RTC_AlarmAEventCallback) refers to stm32f1xx_hal_rtc.o(i.HAL_RTC_SetTime) for HAL_RTC_SetTime
    main.o(i.HAL_RTC_AlarmAEventCallback) refers to main.o(.data) for .data
    main.o(i.MX_GPIO_Init) refers to stm32f1xx_hal_gpio.o(i.HAL_GPIO_Init) for HAL_GPIO_Init
    main.o(i.MX_GPIO_Init) refers to stm32f1xx_hal_cortex.o(i.HAL_NVIC_SetPriority) for HAL_NVIC_SetPriority
    main.o(i.MX_GPIO_Init) refers to stm32f1xx_hal_cortex.o(i.HAL_NVIC_EnableIRQ) for HAL_NVIC_EnableIRQ
    main.o(i.MX_RTC_Init) refers to stm32f1xx_hal_rtc.o(i.HAL_RTC_Init) for HAL_RTC_Init
    main.o(i.MX_RTC_Init) refers to stm32f1xx_hal_rtc.o(i.HAL_RTC_SetTime) for HAL_RTC_SetTime
    main.o(i.MX_RTC_Init) refers to stm32f1xx_hal_rtc.o(i.HAL_RTC_SetDate) for HAL_RTC_SetDate
    main.o(i.MX_RTC_Init) refers to main.o(.bss) for .bss
    main.o(i.MX_SPI2_Init) refers to stm32f1xx_hal_spi_ex.o(i.HAL_SPI_Init) for HAL_SPI_Init
    main.o(i.MX_SPI2_Init) refers to main.o(.bss) for .bss
    main.o(i.RF_Init) refers to main.o(.bss) for .bss
    main.o(i.RF_Init) refers to main.o(.data) for .data
    main.o(i.SystemClock_Config) refers to stm32f1xx_hal_rcc.o(i.HAL_RCC_OscConfig) for HAL_RCC_OscConfig
    main.o(i.SystemClock_Config) refers to stm32f1xx_hal_rcc.o(i.HAL_RCC_ClockConfig) for HAL_RCC_ClockConfig
    main.o(i.SystemClock_Config) refers to stm32f1xx_hal_rcc_ex.o(i.HAL_RCCEx_PeriphCLKConfig) for HAL_RCCEx_PeriphCLKConfig
    main.o(i.SystemClock_Config) refers to stm32f1xx_hal_rcc.o(i.HAL_RCC_GetHCLKFreq) for HAL_RCC_GetHCLKFreq
    main.o(i.SystemClock_Config) refers to stm32f1xx_hal_cortex.o(i.HAL_SYSTICK_Config) for HAL_SYSTICK_Config
    main.o(i.SystemClock_Config) refers to stm32f1xx_hal_cortex.o(i.HAL_SYSTICK_CLKSourceConfig) for HAL_SYSTICK_CLKSourceConfig
    main.o(i.SystemClock_Config) refers to stm32f1xx_hal_cortex.o(i.HAL_NVIC_SetPriority) for HAL_NVIC_SetPriority
    main.o(i.main) refers to stm32f1xx_hal.o(i.HAL_Init) for HAL_Init
    main.o(i.main) refers to main.o(i.SystemClock_Config) for SystemClock_Config
    main.o(i.main) refers to main.o(i.MX_GPIO_Init) for MX_GPIO_Init
    main.o(i.main) refers to main.o(i.MX_RTC_Init) for MX_RTC_Init
    main.o(i.main) refers to main.o(i.MX_SPI2_Init) for MX_SPI2_Init
    main.o(i.main) refers to main.o(i.RF_Init) for RF_Init
    main.o(i.main) refers to stm32f1xx_hal_rtc.o(i.HAL_RTC_GetTime) for HAL_RTC_GetTime
    main.o(i.main) refers to nrf24l01.o(i.NRF_Init) for NRF_Init
    main.o(i.main) refers to memseta.o(.text) for __aeabi_memclr4
    main.o(i.main) refers to nrf24l01.o(i.NRF_ReceivePacket) for NRF_ReceivePacket
    main.o(i.main) refers to nrf24l01.o(i.NRF_SendPacket) for NRF_SendPacket
    main.o(i.main) refers to main.o(.data) for .data
    main.o(i.main) refers to main.o(.bss) for .bss
    nrf24l01.o(i.NRF_CE_DISABLE) refers to stm32f1xx_hal_gpio.o(i.HAL_GPIO_WritePin) for HAL_GPIO_WritePin
    nrf24l01.o(i.NRF_CE_ENABLE) refers to stm32f1xx_hal_gpio.o(i.HAL_GPIO_WritePin) for HAL_GPIO_WritePin
    nrf24l01.o(i.NRF_CS_DISABLE) refers to stm32f1xx_hal_gpio.o(i.HAL_GPIO_WritePin) for HAL_GPIO_WritePin
    nrf24l01.o(i.NRF_CS_ENABLE) refers to stm32f1xx_hal_gpio.o(i.HAL_GPIO_WritePin) for HAL_GPIO_WritePin
    nrf24l01.o(i.NRF_ClearInterrupts) refers to nrf24l01.o(i.NRF_ReadRegister) for NRF_ReadRegister
    nrf24l01.o(i.NRF_ClearInterrupts) refers to nrf24l01.o(i.NRF_WriteRegister) for NRF_WriteRegister
    nrf24l01.o(i.NRF_EnableAutoAcknowledgement) refers to nrf24l01.o(i.NRF_ReadRegister) for NRF_ReadRegister
    nrf24l01.o(i.NRF_EnableAutoAcknowledgement) refers to nrf24l01.o(i.NRF_WriteRegister) for NRF_WriteRegister
    nrf24l01.o(i.NRF_EnableCRC) refers to nrf24l01.o(i.NRF_ReadRegister) for NRF_ReadRegister
    nrf24l01.o(i.NRF_EnableCRC) refers to nrf24l01.o(i.NRF_WriteRegister) for NRF_WriteRegister
    nrf24l01.o(i.NRF_EnableMaxRetransmitIRQ) refers to nrf24l01.o(i.NRF_ReadRegister) for NRF_ReadRegister
    nrf24l01.o(i.NRF_EnableMaxRetransmitIRQ) refers to nrf24l01.o(i.NRF_WriteRegister) for NRF_WriteRegister
    nrf24l01.o(i.NRF_EnableRXDataReadyIRQ) refers to nrf24l01.o(i.NRF_ReadRegister) for NRF_ReadRegister
    nrf24l01.o(i.NRF_EnableRXDataReadyIRQ) refers to nrf24l01.o(i.NRF_WriteRegister) for NRF_WriteRegister
    nrf24l01.o(i.NRF_EnableRXPipe) refers to nrf24l01.o(i.NRF_ReadRegister) for NRF_ReadRegister
    nrf24l01.o(i.NRF_EnableRXPipe) refers to nrf24l01.o(i.NRF_WriteRegister) for NRF_WriteRegister
    nrf24l01.o(i.NRF_EnableTXDataSentIRQ) refers to nrf24l01.o(i.NRF_ReadRegister) for NRF_ReadRegister
    nrf24l01.o(i.NRF_EnableTXDataSentIRQ) refers to nrf24l01.o(i.NRF_WriteRegister) for NRF_WriteRegister
    nrf24l01.o(i.NRF_FlushRX) refers to nrf24l01.o(i.NRF_SendCommand) for NRF_SendCommand
    nrf24l01.o(i.NRF_FlushTX) refers to nrf24l01.o(i.NRF_SendCommand) for NRF_SendCommand
    nrf24l01.o(i.NRF_IRQ_Handler) refers to nrf24l01.o(i.NRF_ReadRegister) for NRF_ReadRegister
    nrf24l01.o(i.NRF_IRQ_Handler) refers to nrf24l01.o(i.NRF_CE_DISABLE) for NRF_CE_DISABLE
    nrf24l01.o(i.NRF_IRQ_Handler) refers to nrf24l01.o(i.NRF_WriteRegister) for NRF_WriteRegister
    nrf24l01.o(i.NRF_IRQ_Handler) refers to nrf24l01.o(i.NRF_ReadRXPayload) for NRF_ReadRXPayload
    nrf24l01.o(i.NRF_IRQ_Handler) refers to nrf24l01.o(i.NRF_CE_ENABLE) for NRF_CE_ENABLE
    nrf24l01.o(i.NRF_IRQ_Handler) refers to nrf24l01.o(i.NRF_RXTXControl) for NRF_RXTXControl
    nrf24l01.o(i.NRF_IRQ_Handler) refers to nrf24l01.o(i.NRF_FlushTX) for NRF_FlushTX
    nrf24l01.o(i.NRF_IRQ_Handler) refers to nrf24l01.o(i.NRF_PowerUp) for NRF_PowerUp
    nrf24l01.o(i.NRF_Init) refers to nrf24l01.o(i.NRF_SetupGPIO) for NRF_SetupGPIO
    nrf24l01.o(i.NRF_Init) refers to nrf24l01.o(i.NRF_PowerUp) for NRF_PowerUp
    nrf24l01.o(i.NRF_Init) refers to nrf24l01.o(i.NRF_ReadRegister) for NRF_ReadRegister
    nrf24l01.o(i.NRF_Init) refers to nrf24l01.o(i.NRF_SetRXPayloadWidth_P0) for NRF_SetRXPayloadWidth_P0
    nrf24l01.o(i.NRF_Init) refers to nrf24l01.o(i.NRF_SetRXAddress_P0) for NRF_SetRXAddress_P0
    nrf24l01.o(i.NRF_Init) refers to nrf24l01.o(i.NRF_SetTXAddress) for NRF_SetTXAddress
    nrf24l01.o(i.NRF_Init) refers to nrf24l01.o(i.NRF_EnableRXDataReadyIRQ) for NRF_EnableRXDataReadyIRQ
    nrf24l01.o(i.NRF_Init) refers to nrf24l01.o(i.NRF_EnableTXDataSentIRQ) for NRF_EnableTXDataSentIRQ
    nrf24l01.o(i.NRF_Init) refers to nrf24l01.o(i.NRF_EnableMaxRetransmitIRQ) for NRF_EnableMaxRetransmitIRQ
    nrf24l01.o(i.NRF_Init) refers to nrf24l01.o(i.NRF_EnableCRC) for NRF_EnableCRC
    nrf24l01.o(i.NRF_Init) refers to nrf24l01.o(i.NRF_SetCRCWidth) for NRF_SetCRCWidth
    nrf24l01.o(i.NRF_Init) refers to nrf24l01.o(i.NRF_SetAddressWidth) for NRF_SetAddressWidth
    nrf24l01.o(i.NRF_Init) refers to nrf24l01.o(i.NRF_SetRFChannel) for NRF_SetRFChannel
    nrf24l01.o(i.NRF_Init) refers to nrf24l01.o(i.NRF_SetDataRate) for NRF_SetDataRate
    nrf24l01.o(i.NRF_Init) refers to nrf24l01.o(i.NRF_SetRetransmittionCount) for NRF_SetRetransmittionCount
    nrf24l01.o(i.NRF_Init) refers to nrf24l01.o(i.NRF_SetRetransmittionDelay) for NRF_SetRetransmittionDelay
    nrf24l01.o(i.NRF_Init) refers to nrf24l01.o(i.NRF_EnableRXPipe) for NRF_EnableRXPipe
    nrf24l01.o(i.NRF_Init) refers to nrf24l01.o(i.NRF_EnableAutoAcknowledgement) for NRF_EnableAutoAcknowledgement
    nrf24l01.o(i.NRF_Init) refers to nrf24l01.o(i.NRF_ClearInterrupts) for NRF_ClearInterrupts
    nrf24l01.o(i.NRF_Init) refers to nrf24l01.o(i.NRF_RXTXControl) for NRF_RXTXControl
    nrf24l01.o(i.NRF_Init) refers to nrf24l01.o(i.NRF_FlushRX) for NRF_FlushRX
    nrf24l01.o(i.NRF_Init_Gpio) refers to stm32f1xx_hal_gpio.o(i.HAL_GPIO_Init) for HAL_GPIO_Init
    nrf24l01.o(i.NRF_PowerUp) refers to nrf24l01.o(i.NRF_ReadRegister) for NRF_ReadRegister
    nrf24l01.o(i.NRF_PowerUp) refers to nrf24l01.o(i.NRF_WriteRegister) for NRF_WriteRegister
    nrf24l01.o(i.NRF_PushPacket) refers to nrf24l01.o(i.NRF_CE_DISABLE) for NRF_CE_DISABLE
    nrf24l01.o(i.NRF_PushPacket) refers to nrf24l01.o(i.NRF_RXTXControl) for NRF_RXTXControl
    nrf24l01.o(i.NRF_PushPacket) refers to nrf24l01.o(i.NRF_WriteTXPayload) for NRF_WriteTXPayload
    nrf24l01.o(i.NRF_PushPacket) refers to nrf24l01.o(i.NRF_CE_ENABLE) for NRF_CE_ENABLE
    nrf24l01.o(i.NRF_PushPacket) refers to nrf24l01.o(i.NRF_FlushTX) for NRF_FlushTX
    nrf24l01.o(i.NRF_RXTXControl) refers to nrf24l01.o(i.NRF_ReadRegister) for NRF_ReadRegister
    nrf24l01.o(i.NRF_RXTXControl) refers to nrf24l01.o(i.NRF_WriteRegister) for NRF_WriteRegister
    nrf24l01.o(i.NRF_ReadRXPayload) refers to malloc.o(i.malloc) for malloc
    nrf24l01.o(i.NRF_ReadRXPayload) refers to nrf24l01.o(i.NRF_SendCommand) for NRF_SendCommand
    nrf24l01.o(i.NRF_ReadRXPayload) refers to malloc.o(i.free) for free
    nrf24l01.o(i.NRF_ReadRegister) refers to nrf24l01.o(i.NRF_SendCommand) for NRF_SendCommand
    nrf24l01.o(i.NRF_ReceivePacket) refers to nrf24l01.o(i.NRF_CE_DISABLE) for NRF_CE_DISABLE
    nrf24l01.o(i.NRF_ReceivePacket) refers to nrf24l01.o(i.NRF_RXTXControl) for NRF_RXTXControl
    nrf24l01.o(i.NRF_ReceivePacket) refers to nrf24l01.o(i.NRF_CE_ENABLE) for NRF_CE_ENABLE
    nrf24l01.o(i.NRF_SendCommand) refers to malloc.o(i.malloc) for malloc
    nrf24l01.o(i.NRF_SendCommand) refers to nrf24l01.o(i.NRF_CS_ENABLE) for NRF_CS_ENABLE
    nrf24l01.o(i.NRF_SendCommand) refers to stm32f1xx_hal_spi.o(i.HAL_SPI_TransmitReceive) for HAL_SPI_TransmitReceive
    nrf24l01.o(i.NRF_SendCommand) refers to malloc.o(i.free) for free
    nrf24l01.o(i.NRF_SendCommand) refers to nrf24l01.o(i.NRF_CS_DISABLE) for NRF_CS_DISABLE
    nrf24l01.o(i.NRF_SendPacket) refers to nrf24l01.o(i.NRF_CE_DISABLE) for NRF_CE_DISABLE
    nrf24l01.o(i.NRF_SendPacket) refers to nrf24l01.o(i.NRF_RXTXControl) for NRF_RXTXControl
    nrf24l01.o(i.NRF_SendPacket) refers to nrf24l01.o(i.NRF_WriteTXPayload) for NRF_WriteTXPayload
    nrf24l01.o(i.NRF_SendPacket) refers to nrf24l01.o(i.NRF_CE_ENABLE) for NRF_CE_ENABLE
    nrf24l01.o(i.NRF_SetAddressWidth) refers to nrf24l01.o(i.NRF_ReadRegister) for NRF_ReadRegister
    nrf24l01.o(i.NRF_SetAddressWidth) refers to nrf24l01.o(i.NRF_WriteRegister) for NRF_WriteRegister
    nrf24l01.o(i.NRF_SetCCW) refers to nrf24l01.o(i.NRF_ReadRegister) for NRF_ReadRegister
    nrf24l01.o(i.NRF_SetCCW) refers to nrf24l01.o(i.NRF_WriteRegister) for NRF_WriteRegister
    nrf24l01.o(i.NRF_SetCRCWidth) refers to nrf24l01.o(i.NRF_ReadRegister) for NRF_ReadRegister
    nrf24l01.o(i.NRF_SetCRCWidth) refers to nrf24l01.o(i.NRF_WriteRegister) for NRF_WriteRegister
    nrf24l01.o(i.NRF_SetDataRate) refers to nrf24l01.o(i.NRF_ReadRegister) for NRF_ReadRegister
    nrf24l01.o(i.NRF_SetDataRate) refers to nrf24l01.o(i.NRF_WriteRegister) for NRF_WriteRegister
    nrf24l01.o(i.NRF_SetRFChannel) refers to nrf24l01.o(i.NRF_ReadRegister) for NRF_ReadRegister
    nrf24l01.o(i.NRF_SetRFChannel) refers to nrf24l01.o(i.NRF_WriteRegister) for NRF_WriteRegister
    nrf24l01.o(i.NRF_SetRXAddress_P0) refers to nrf24l01.o(i.NRF_SendCommand) for NRF_SendCommand
    nrf24l01.o(i.NRF_SetRXPayloadWidth_P0) refers to nrf24l01.o(i.NRF_WriteRegister) for NRF_WriteRegister
    nrf24l01.o(i.NRF_SetRetransmittionCount) refers to nrf24l01.o(i.NRF_ReadRegister) for NRF_ReadRegister
    nrf24l01.o(i.NRF_SetRetransmittionCount) refers to nrf24l01.o(i.NRF_WriteRegister) for NRF_WriteRegister
    nrf24l01.o(i.NRF_SetRetransmittionDelay) refers to nrf24l01.o(i.NRF_ReadRegister) for NRF_ReadRegister
    nrf24l01.o(i.NRF_SetRetransmittionDelay) refers to nrf24l01.o(i.NRF_WriteRegister) for NRF_WriteRegister
    nrf24l01.o(i.NRF_SetTXAddress) refers to nrf24l01.o(i.NRF_SendCommand) for NRF_SendCommand
    nrf24l01.o(i.NRF_SetTXPower) refers to nrf24l01.o(i.NRF_ReadRegister) for NRF_ReadRegister
    nrf24l01.o(i.NRF_SetTXPower) refers to nrf24l01.o(i.NRF_WriteRegister) for NRF_WriteRegister
    nrf24l01.o(i.NRF_SetupGPIO) refers to nrf24l01.o(i.NRF_Init_Gpio) for NRF_Init_Gpio
    nrf24l01.o(i.NRF_SetupGPIO) refers to stm32f1xx_hal_gpio.o(i.HAL_GPIO_Init) for HAL_GPIO_Init
    nrf24l01.o(i.NRF_SetupGPIO) refers to stm32f1xx_hal_cortex.o(i.HAL_NVIC_SetPriority) for HAL_NVIC_SetPriority
    nrf24l01.o(i.NRF_SetupGPIO) refers to stm32f1xx_hal_cortex.o(i.HAL_NVIC_EnableIRQ) for HAL_NVIC_EnableIRQ
    nrf24l01.o(i.NRF_SetupGPIO) refers to nrf24l01.o(i.NRF_CS_DISABLE) for NRF_CS_DISABLE
    nrf24l01.o(i.NRF_SetupGPIO) refers to nrf24l01.o(i.NRF_CE_DISABLE) for NRF_CE_DISABLE
    nrf24l01.o(i.NRF_WriteRegister) refers to nrf24l01.o(i.NRF_SendCommand) for NRF_SendCommand
    nrf24l01.o(i.NRF_WriteTXPayload) refers to malloc.o(i.malloc) for malloc
    nrf24l01.o(i.NRF_WriteTXPayload) refers to nrf24l01.o(i.NRF_SendCommand) for NRF_SendCommand
    nrf24l01.o(i.NRF_WriteTXPayload) refers to malloc.o(i.free) for free
    system_stm32f1xx.o(i.SystemCoreClockUpdate) refers to system_stm32f1xx.o(.data) for .data
    system_stm32f1xx.o(i.SystemCoreClockUpdate) refers to system_stm32f1xx.o(.constdata) for .constdata
    entry.o(.ARM.Collect$$$$00000000) refers (Special) to entry10a.o(.ARM.Collect$$$$0000000D) for __rt_final_cpp
    entry.o(.ARM.Collect$$$$00000000) refers (Special) to entry11a.o(.ARM.Collect$$$$0000000F) for __rt_final_exit
    entry.o(.ARM.Collect$$$$00000000) refers (Special) to entry7b.o(.ARM.Collect$$$$00000008) for _main_clock
    entry.o(.ARM.Collect$$$$00000000) refers (Special) to entry8b.o(.ARM.Collect$$$$0000000A) for _main_cpp_init
    entry.o(.ARM.Collect$$$$00000000) refers (Special) to entry9a.o(.ARM.Collect$$$$0000000B) for _main_init
    entry.o(.ARM.Collect$$$$00000000) refers (Special) to entry5.o(.ARM.Collect$$$$00000004) for _main_scatterload
    entry.o(.ARM.Collect$$$$00000000) refers (Special) to entry2.o(.ARM.Collect$$$$00000001) for _main_stk
    malloc.o(i.free) refers to mvars.o(.data) for __microlib_freelist
    malloc.o(i.malloc) refers to mvars.o(.data) for __microlib_freelist_initialised
    malloc.o(i.malloc) refers to mvars.o(.data) for __microlib_freelist
    malloc.o(i.malloc) refers to startup_stm32f103xb.o(HEAP) for __heap_base
    mallocr.o(i.__free$realloc) refers to mvars.o(.data) for __microlib_freelist
    mallocr.o(i.__malloc$realloc) refers to mallocr.o(i.internal_alloc) for internal_alloc
    mallocr.o(i.__malloc$realloc) refers to mvars.o(.data) for __microlib_freelist_initialised
    mallocr.o(i.__malloc$realloc) refers to startup_stm32f103xb.o(HEAP) for __heap_base
    mallocr.o(i.__malloc$realloc) refers to mvars.o(.data) for __microlib_freelist
    mallocr.o(i.internal_alloc) refers to memcpya.o(.text) for __aeabi_memcpy
    mallocr.o(i.internal_alloc) refers to mvars.o(.data) for __microlib_freelist
    mallocr.o(i.realloc) refers to mallocr.o(i.__free$realloc) for __free$realloc
    mallocr.o(i.realloc) refers to mallocr.o(i.internal_alloc) for internal_alloc
    mallocr.o(i.realloc) refers to mallocr.o(i.__malloc$realloc) for __malloc$realloc
    mallocr.o(i.realloc) refers to mvars.o(.data) for __microlib_freelist
    malloca.o(i.__aligned_malloc) refers to mvars.o(.data) for __microlib_freelist_initialised
    malloca.o(i.__aligned_malloc) refers to mvars.o(.data) for __microlib_freelist
    malloca.o(i.__aligned_malloc) refers to startup_stm32f103xb.o(HEAP) for __heap_base
    malloca.o(i.__free$memalign) refers to mvars.o(.data) for __microlib_freelist
    malloca.o(i.__malloc$memalign) refers to malloca.o(i.__aligned_malloc) for __aligned_malloc
    mallocra.o(i.__aligned_malloc$realloc) refers to mallocra.o(i.internal_alloc) for internal_alloc
    mallocra.o(i.__aligned_malloc$realloc) refers to mvars.o(.data) for __microlib_freelist_initialised
    mallocra.o(i.__aligned_malloc$realloc) refers to startup_stm32f103xb.o(HEAP) for __heap_base
    mallocra.o(i.__aligned_malloc$realloc) refers to mvars.o(.data) for __microlib_freelist
    mallocra.o(i.__free$realloc$memalign) refers to mvars.o(.data) for __microlib_freelist
    mallocra.o(i.__malloc$realloc$memalign) refers to mallocra.o(i.__aligned_malloc$realloc) for __aligned_malloc$realloc
    mallocra.o(i.__realloc$memalign) refers to mallocra.o(i.__free$realloc$memalign) for __free$realloc$memalign
    mallocra.o(i.__realloc$memalign) refers to mallocra.o(i.internal_alloc) for internal_alloc
    mallocra.o(i.__realloc$memalign) refers to mallocra.o(i.__malloc$realloc$memalign) for __malloc$realloc$memalign
    mallocra.o(i.__realloc$memalign) refers to mvars.o(.data) for __microlib_freelist
    mallocra.o(i.internal_alloc) refers to memcpya.o(.text) for __aeabi_memcpy
    mallocra.o(i.internal_alloc) refers to mvars.o(.data) for __microlib_freelist
    entry2.o(.ARM.Collect$$$$00000001) refers to entry2.o(.ARM.Collect$$$$00002712) for __lit__00000000
    entry2.o(.ARM.Collect$$$$00002712) refers to startup_stm32f103xb.o(STACK) for __initial_sp
    entry2.o(__vectab_stack_and_reset_area) refers to startup_stm32f103xb.o(STACK) for __initial_sp
    entry2.o(__vectab_stack_and_reset_area) refers to entry.o(.ARM.Collect$$$$00000000) for __main
    entry5.o(.ARM.Collect$$$$00000004) refers to init.o(.text) for __scatterload
    entry9a.o(.ARM.Collect$$$$0000000B) refers to main.o(i.main) for main
    entry9b.o(.ARM.Collect$$$$0000000C) refers to main.o(i.main) for main
    init.o(.text) refers to entry5.o(.ARM.Collect$$$$00000004) for __main_after_scatterload


==============================================================================

Removing Unused input sections from the image.

    Removing stm32f1xx_hal_flash_ex.o(.rev16_text), (4 bytes).
    Removing stm32f1xx_hal_flash_ex.o(.revsh_text), (4 bytes).
    Removing stm32f1xx_hal_flash_ex.o(.rrx_text), (6 bytes).
    Removing stm32f1xx_hal_flash_ex.o(i.FLASH_MassErase), (36 bytes).
    Removing stm32f1xx_hal_flash_ex.o(i.FLASH_OB_DisableWRP), (176 bytes).
    Removing stm32f1xx_hal_flash_ex.o(i.FLASH_OB_EnableWRP), (176 bytes).
    Removing stm32f1xx_hal_flash_ex.o(i.FLASH_OB_GetRDP), (24 bytes).
    Removing stm32f1xx_hal_flash_ex.o(i.FLASH_OB_RDP_LevelConfig), (100 bytes).
    Removing stm32f1xx_hal_flash_ex.o(i.FLASH_PageErase), (36 bytes).
    Removing stm32f1xx_hal_flash_ex.o(i.HAL_FLASHEx_Erase), (168 bytes).
    Removing stm32f1xx_hal_flash_ex.o(i.HAL_FLASHEx_Erase_IT), (84 bytes).
    Removing stm32f1xx_hal_flash_ex.o(i.HAL_FLASHEx_OBErase), (84 bytes).
    Removing stm32f1xx_hal_flash_ex.o(i.HAL_FLASHEx_OBGetConfig), (48 bytes).
    Removing stm32f1xx_hal_flash_ex.o(i.HAL_FLASHEx_OBGetUserData), (48 bytes).
    Removing stm32f1xx_hal_flash_ex.o(i.HAL_FLASHEx_OBProgram), (200 bytes).
    Removing stm32f1xx_hal_gpio_ex.o(.rev16_text), (4 bytes).
    Removing stm32f1xx_hal_gpio_ex.o(.revsh_text), (4 bytes).
    Removing stm32f1xx_hal_gpio_ex.o(.rrx_text), (6 bytes).
    Removing stm32f1xx_hal_gpio_ex.o(i.HAL_GPIOEx_ConfigEventout), (20 bytes).
    Removing stm32f1xx_hal_gpio_ex.o(i.HAL_GPIOEx_DisableEventout), (16 bytes).
    Removing stm32f1xx_hal_gpio_ex.o(i.HAL_GPIOEx_EnableEventout), (16 bytes).
    Removing stm32f1xx_hal_flash.o(.rev16_text), (4 bytes).
    Removing stm32f1xx_hal_flash.o(.revsh_text), (4 bytes).
    Removing stm32f1xx_hal_flash.o(.rrx_text), (6 bytes).
    Removing stm32f1xx_hal_flash.o(i.FLASH_Program_HalfWord), (28 bytes).
    Removing stm32f1xx_hal_flash.o(i.FLASH_SetErrorCode), (68 bytes).
    Removing stm32f1xx_hal_flash.o(i.FLASH_WaitForLastOperation), (84 bytes).
    Removing stm32f1xx_hal_flash.o(i.HAL_FLASH_EndOfOperationCallback), (2 bytes).
    Removing stm32f1xx_hal_flash.o(i.HAL_FLASH_GetError), (12 bytes).
    Removing stm32f1xx_hal_flash.o(i.HAL_FLASH_IRQHandler), (264 bytes).
    Removing stm32f1xx_hal_flash.o(i.HAL_FLASH_Lock), (20 bytes).
    Removing stm32f1xx_hal_flash.o(i.HAL_FLASH_OB_Launch), (10 bytes).
    Removing stm32f1xx_hal_flash.o(i.HAL_FLASH_OB_Lock), (20 bytes).
    Removing stm32f1xx_hal_flash.o(i.HAL_FLASH_OB_Unlock), (36 bytes).
    Removing stm32f1xx_hal_flash.o(i.HAL_FLASH_OperationErrorCallback), (2 bytes).
    Removing stm32f1xx_hal_flash.o(i.HAL_FLASH_Program), (128 bytes).
    Removing stm32f1xx_hal_flash.o(i.HAL_FLASH_Program_IT), (100 bytes).
    Removing stm32f1xx_hal_flash.o(i.HAL_FLASH_Unlock), (36 bytes).
    Removing stm32f1xx_hal_flash.o(.bss), (32 bytes).
    Removing stm32f1xx_hal_spi.o(.rev16_text), (4 bytes).
    Removing stm32f1xx_hal_spi.o(.revsh_text), (4 bytes).
    Removing stm32f1xx_hal_spi.o(.rrx_text), (6 bytes).
    Removing stm32f1xx_hal_spi.o(i.HAL_SPI_DMAPause), (48 bytes).
    Removing stm32f1xx_hal_spi.o(i.HAL_SPI_DMAResume), (48 bytes).
    Removing stm32f1xx_hal_spi.o(i.HAL_SPI_DMAStop), (50 bytes).
    Removing stm32f1xx_hal_spi.o(i.HAL_SPI_DeInit), (46 bytes).
    Removing stm32f1xx_hal_spi.o(i.HAL_SPI_ErrorCallback), (2 bytes).
    Removing stm32f1xx_hal_spi.o(i.HAL_SPI_GetError), (4 bytes).
    Removing stm32f1xx_hal_spi.o(i.HAL_SPI_GetState), (6 bytes).
    Removing stm32f1xx_hal_spi.o(i.HAL_SPI_IRQHandler), (176 bytes).
    Removing stm32f1xx_hal_spi.o(i.HAL_SPI_Init), (122 bytes).
    Removing stm32f1xx_hal_spi.o(i.HAL_SPI_MspDeInit), (2 bytes).
    Removing stm32f1xx_hal_spi.o(i.HAL_SPI_MspInit), (2 bytes).
    Removing stm32f1xx_hal_spi.o(i.HAL_SPI_Receive), (492 bytes).
    Removing stm32f1xx_hal_spi.o(i.HAL_SPI_Receive_DMA), (224 bytes).
    Removing stm32f1xx_hal_spi.o(i.HAL_SPI_Receive_IT), (180 bytes).
    Removing stm32f1xx_hal_spi.o(i.HAL_SPI_RxCpltCallback), (2 bytes).
    Removing stm32f1xx_hal_spi.o(i.HAL_SPI_RxHalfCpltCallback), (2 bytes).
    Removing stm32f1xx_hal_spi.o(i.HAL_SPI_Transmit), (326 bytes).
    Removing stm32f1xx_hal_spi.o(i.HAL_SPI_TransmitReceive_DMA), (272 bytes).
    Removing stm32f1xx_hal_spi.o(i.HAL_SPI_TransmitReceive_IT), (172 bytes).
    Removing stm32f1xx_hal_spi.o(i.HAL_SPI_Transmit_DMA), (192 bytes).
    Removing stm32f1xx_hal_spi.o(i.HAL_SPI_Transmit_IT), (164 bytes).
    Removing stm32f1xx_hal_spi.o(i.HAL_SPI_TxCpltCallback), (2 bytes).
    Removing stm32f1xx_hal_spi.o(i.HAL_SPI_TxHalfCpltCallback), (2 bytes).
    Removing stm32f1xx_hal_spi.o(i.HAL_SPI_TxRxCpltCallback), (2 bytes).
    Removing stm32f1xx_hal_spi.o(i.HAL_SPI_TxRxHalfCpltCallback), (2 bytes).
    Removing stm32f1xx_hal_spi.o(i.SPI_2LinesRxISR), (44 bytes).
    Removing stm32f1xx_hal_spi.o(i.SPI_DMAError), (30 bytes).
    Removing stm32f1xx_hal_spi.o(i.SPI_DMAHalfReceiveCplt), (10 bytes).
    Removing stm32f1xx_hal_spi.o(i.SPI_DMAHalfTransmitCplt), (10 bytes).
    Removing stm32f1xx_hal_spi.o(i.SPI_DMAHalfTransmitReceiveCplt), (10 bytes).
    Removing stm32f1xx_hal_spi.o(i.SPI_DMAReceiveCplt), (218 bytes).
    Removing stm32f1xx_hal_spi.o(i.SPI_DMATransmitCplt), (108 bytes).
    Removing stm32f1xx_hal_spi.o(i.SPI_DMATransmitReceiveCplt), (190 bytes).
    Removing stm32f1xx_hal_spi.o(i.SPI_ISCRCErrorValid), (4 bytes).
    Removing stm32f1xx_hal_spi.o(i.SPI_RxCloseIRQHandler), (246 bytes).
    Removing stm32f1xx_hal_spi.o(i.SPI_RxISR), (70 bytes).
    Removing stm32f1xx_hal_spi.o(i.SPI_TxCloseIRQHandler), (130 bytes).
    Removing stm32f1xx_hal_spi.o(i.SPI_TxISR), (66 bytes).
    Removing stm32f1xx_hal_rtc_ex.o(.rev16_text), (4 bytes).
    Removing stm32f1xx_hal_rtc_ex.o(.revsh_text), (4 bytes).
    Removing stm32f1xx_hal_rtc_ex.o(.rrx_text), (6 bytes).
    Removing stm32f1xx_hal_rtc_ex.o(i.HAL_RTCEx_BKUPRead), (16 bytes).
    Removing stm32f1xx_hal_rtc_ex.o(i.HAL_RTCEx_BKUPWrite), (16 bytes).
    Removing stm32f1xx_hal_rtc_ex.o(i.HAL_RTCEx_DeactivateSecond), (44 bytes).
    Removing stm32f1xx_hal_rtc_ex.o(i.HAL_RTCEx_DeactivateTamper), (76 bytes).
    Removing stm32f1xx_hal_rtc_ex.o(i.HAL_RTCEx_PollForTamper1Event), (72 bytes).
    Removing stm32f1xx_hal_rtc_ex.o(i.HAL_RTCEx_RTCEventCallback), (2 bytes).
    Removing stm32f1xx_hal_rtc_ex.o(i.HAL_RTCEx_RTCEventErrorCallback), (2 bytes).
    Removing stm32f1xx_hal_rtc_ex.o(i.HAL_RTCEx_RTCIRQHandler), (60 bytes).
    Removing stm32f1xx_hal_rtc_ex.o(i.HAL_RTCEx_SetSecond_IT), (44 bytes).
    Removing stm32f1xx_hal_rtc_ex.o(i.HAL_RTCEx_SetSmoothCalib), (52 bytes).
    Removing stm32f1xx_hal_rtc_ex.o(i.HAL_RTCEx_SetTamper), (80 bytes).
    Removing stm32f1xx_hal_rtc_ex.o(i.HAL_RTCEx_SetTamper_IT), (92 bytes).
    Removing stm32f1xx_hal_rtc_ex.o(i.HAL_RTCEx_Tamper1EventCallback), (2 bytes).
    Removing stm32f1xx_hal_rtc_ex.o(i.HAL_RTCEx_TamperIRQHandler), (44 bytes).
    Removing stm32f1xx_hal_tim_ex.o(.rev16_text), (4 bytes).
    Removing stm32f1xx_hal_tim_ex.o(.revsh_text), (4 bytes).
    Removing stm32f1xx_hal_tim_ex.o(.rrx_text), (6 bytes).
    Removing stm32f1xx_hal_rcc_ex.o(.rev16_text), (4 bytes).
    Removing stm32f1xx_hal_rcc_ex.o(.revsh_text), (4 bytes).
    Removing stm32f1xx_hal_rcc_ex.o(.rrx_text), (6 bytes).
    Removing stm32f1xx_hal_rcc_ex.o(i.HAL_RCCEx_GetPeriphCLKConfig), (44 bytes).
    Removing stm32f1xx_hal_gpio.o(.rev16_text), (4 bytes).
    Removing stm32f1xx_hal_gpio.o(.revsh_text), (4 bytes).
    Removing stm32f1xx_hal_gpio.o(.rrx_text), (6 bytes).
    Removing stm32f1xx_hal_gpio.o(i.HAL_GPIO_DeInit), (228 bytes).
    Removing stm32f1xx_hal_gpio.o(i.HAL_GPIO_EXTI_Callback), (2 bytes).
    Removing stm32f1xx_hal_gpio.o(i.HAL_GPIO_LockPin), (34 bytes).
    Removing stm32f1xx_hal_gpio.o(i.HAL_GPIO_ReadPin), (10 bytes).
    Removing stm32f1xx_hal_gpio.o(i.HAL_GPIO_TogglePin), (8 bytes).
    Removing stm32f1xx_hal_rtc.o(.rev16_text), (4 bytes).
    Removing stm32f1xx_hal_rtc.o(.revsh_text), (4 bytes).
    Removing stm32f1xx_hal_rtc.o(.rrx_text), (6 bytes).
    Removing stm32f1xx_hal_rtc.o(i.HAL_RTC_AlarmAEventCallback), (2 bytes).
    Removing stm32f1xx_hal_rtc.o(i.HAL_RTC_AlarmIRQHandler), (52 bytes).
    Removing stm32f1xx_hal_rtc.o(i.HAL_RTC_DeInit), (100 bytes).
    Removing stm32f1xx_hal_rtc.o(i.HAL_RTC_DeactivateAlarm), (112 bytes).
    Removing stm32f1xx_hal_rtc.o(i.HAL_RTC_GetAlarm), (102 bytes).
    Removing stm32f1xx_hal_rtc.o(i.HAL_RTC_GetDate), (78 bytes).
    Removing stm32f1xx_hal_rtc.o(i.HAL_RTC_GetState), (4 bytes).
    Removing stm32f1xx_hal_rtc.o(i.HAL_RTC_MspDeInit), (2 bytes).
    Removing stm32f1xx_hal_rtc.o(i.HAL_RTC_MspInit), (2 bytes).
    Removing stm32f1xx_hal_rtc.o(i.HAL_RTC_PollForAlarmAEvent), (64 bytes).
    Removing stm32f1xx_hal_rtc.o(i.HAL_RTC_SetAlarm), (188 bytes).
    Removing stm32f1xx_hal_rtc.o(i.HAL_RTC_SetAlarm_IT), (232 bytes).
    Removing stm32f1xx_hal_pwr.o(.rev16_text), (4 bytes).
    Removing stm32f1xx_hal_pwr.o(.revsh_text), (4 bytes).
    Removing stm32f1xx_hal_pwr.o(.rrx_text), (6 bytes).
    Removing stm32f1xx_hal_pwr.o(i.HAL_PWR_ConfigPVD), (124 bytes).
    Removing stm32f1xx_hal_pwr.o(i.HAL_PWR_DeInit), (24 bytes).
    Removing stm32f1xx_hal_pwr.o(i.HAL_PWR_DisableBkUpAccess), (28 bytes).
    Removing stm32f1xx_hal_pwr.o(i.HAL_PWR_DisablePVD), (24 bytes).
    Removing stm32f1xx_hal_pwr.o(i.HAL_PWR_DisableSEVOnPend), (16 bytes).
    Removing stm32f1xx_hal_pwr.o(i.HAL_PWR_DisableSleepOnExit), (16 bytes).
    Removing stm32f1xx_hal_pwr.o(i.HAL_PWR_DisableWakeUpPin), (28 bytes).
    Removing stm32f1xx_hal_pwr.o(i.HAL_PWR_EnablePVD), (24 bytes).
    Removing stm32f1xx_hal_pwr.o(i.HAL_PWR_EnableSEVOnPend), (16 bytes).
    Removing stm32f1xx_hal_pwr.o(i.HAL_PWR_EnableSleepOnExit), (16 bytes).
    Removing stm32f1xx_hal_pwr.o(i.HAL_PWR_EnableWakeUpPin), (28 bytes).
    Removing stm32f1xx_hal_pwr.o(i.HAL_PWR_EnterSLEEPMode), (32 bytes).
    Removing stm32f1xx_hal_pwr.o(i.HAL_PWR_EnterSTANDBYMode), (32 bytes).
    Removing stm32f1xx_hal_pwr.o(i.HAL_PWR_EnterSTOPMode), (68 bytes).
    Removing stm32f1xx_hal_pwr.o(i.HAL_PWR_PVDCallback), (2 bytes).
    Removing stm32f1xx_hal_pwr.o(i.HAL_PWR_PVD_IRQHandler), (28 bytes).
    Removing stm32f1xx_hal_pwr.o(i.PWR_OverloadWfe), (6 bytes).
    Removing stm32f1xx_hal_tim.o(.rev16_text), (4 bytes).
    Removing stm32f1xx_hal_tim.o(.revsh_text), (4 bytes).
    Removing stm32f1xx_hal_tim.o(.rrx_text), (6 bytes).
    Removing stm32f1xx_hal_spi_ex.o(.rev16_text), (4 bytes).
    Removing stm32f1xx_hal_spi_ex.o(.revsh_text), (4 bytes).
    Removing stm32f1xx_hal_spi_ex.o(.rrx_text), (6 bytes).
    Removing stm32f1xx_hal_spi_ex.o(i.SPI_ISCRCErrorValid), (4 bytes).
    Removing stm32f1xx_hal_rcc.o(.rev16_text), (4 bytes).
    Removing stm32f1xx_hal_rcc.o(.revsh_text), (4 bytes).
    Removing stm32f1xx_hal_rcc.o(.rrx_text), (6 bytes).
    Removing stm32f1xx_hal_rcc.o(i.HAL_RCC_CSSCallback), (2 bytes).
    Removing stm32f1xx_hal_rcc.o(i.HAL_RCC_DeInit), (84 bytes).
    Removing stm32f1xx_hal_rcc.o(i.HAL_RCC_DisableCSS), (28 bytes).
    Removing stm32f1xx_hal_rcc.o(i.HAL_RCC_EnableCSS), (24 bytes).
    Removing stm32f1xx_hal_rcc.o(i.HAL_RCC_GetClockConfig), (64 bytes).
    Removing stm32f1xx_hal_rcc.o(i.HAL_RCC_GetOscConfig), (156 bytes).
    Removing stm32f1xx_hal_rcc.o(i.HAL_RCC_GetPCLK1Freq), (48 bytes).
    Removing stm32f1xx_hal_rcc.o(i.HAL_RCC_MCOConfig), (72 bytes).
    Removing stm32f1xx_hal_rcc.o(i.HAL_RCC_NMI_IRQHandler), (24 bytes).
    Removing stm32f1xx_hal_cortex.o(.rev16_text), (4 bytes).
    Removing stm32f1xx_hal_cortex.o(.revsh_text), (4 bytes).
    Removing stm32f1xx_hal_cortex.o(.rrx_text), (6 bytes).
    Removing stm32f1xx_hal_cortex.o(i.HAL_NVIC_DisableIRQ), (22 bytes).
    Removing stm32f1xx_hal_cortex.o(i.HAL_NVIC_GetActive), (32 bytes).
    Removing stm32f1xx_hal_cortex.o(i.HAL_NVIC_GetPendingIRQ), (32 bytes).
    Removing stm32f1xx_hal_cortex.o(i.HAL_NVIC_GetPriority), (82 bytes).
    Removing stm32f1xx_hal_cortex.o(i.HAL_NVIC_GetPriorityGrouping), (16 bytes).
    Removing stm32f1xx_hal_cortex.o(i.HAL_NVIC_SetPendingIRQ), (22 bytes).
    Removing stm32f1xx_hal_cortex.o(i.HAL_NVIC_SystemReset), (36 bytes).
    Removing stm32f1xx_hal_dma.o(.rev16_text), (4 bytes).
    Removing stm32f1xx_hal_dma.o(.revsh_text), (4 bytes).
    Removing stm32f1xx_hal_dma.o(.rrx_text), (6 bytes).
    Removing stm32f1xx_hal_dma.o(i.DMA_SetConfig), (30 bytes).
    Removing stm32f1xx_hal_dma.o(i.HAL_DMA_Abort), (86 bytes).
    Removing stm32f1xx_hal_dma.o(i.HAL_DMA_DeInit), (296 bytes).
    Removing stm32f1xx_hal_dma.o(i.HAL_DMA_GetError), (4 bytes).
    Removing stm32f1xx_hal_dma.o(i.HAL_DMA_GetState), (6 bytes).
    Removing stm32f1xx_hal_dma.o(i.HAL_DMA_IRQHandler), (620 bytes).
    Removing stm32f1xx_hal_dma.o(i.HAL_DMA_Init), (80 bytes).
    Removing stm32f1xx_hal_dma.o(i.HAL_DMA_PollForTransfer), (572 bytes).
    Removing stm32f1xx_hal_dma.o(i.HAL_DMA_Start), (58 bytes).
    Removing stm32f1xx_hal_dma.o(i.HAL_DMA_Start_IT), (88 bytes).
    Removing stm32f1xx_hal.o(.rev16_text), (4 bytes).
    Removing stm32f1xx_hal.o(.revsh_text), (4 bytes).
    Removing stm32f1xx_hal.o(.rrx_text), (6 bytes).
    Removing stm32f1xx_hal.o(i.HAL_DBGMCU_DisableDBGSleepMode), (16 bytes).
    Removing stm32f1xx_hal.o(i.HAL_DBGMCU_DisableDBGStandbyMode), (16 bytes).
    Removing stm32f1xx_hal.o(i.HAL_DBGMCU_DisableDBGStopMode), (16 bytes).
    Removing stm32f1xx_hal.o(i.HAL_DBGMCU_EnableDBGSleepMode), (16 bytes).
    Removing stm32f1xx_hal.o(i.HAL_DBGMCU_EnableDBGStandbyMode), (16 bytes).
    Removing stm32f1xx_hal.o(i.HAL_DBGMCU_EnableDBGStopMode), (16 bytes).
    Removing stm32f1xx_hal.o(i.HAL_DeInit), (32 bytes).
    Removing stm32f1xx_hal.o(i.HAL_GetDEVID), (16 bytes).
    Removing stm32f1xx_hal.o(i.HAL_GetHalVersion), (8 bytes).
    Removing stm32f1xx_hal.o(i.HAL_GetREVID), (28 bytes).
    Removing stm32f1xx_hal.o(i.HAL_MspDeInit), (2 bytes).
    Removing stm32f1xx_hal.o(i.HAL_MspInit), (2 bytes).
    Removing stm32f1xx_hal.o(i.HAL_ResumeTick), (14 bytes).
    Removing stm32f1xx_hal.o(i.HAL_SuspendTick), (14 bytes).
    Removing stm32f1xx_it.o(.rev16_text), (4 bytes).
    Removing stm32f1xx_it.o(.revsh_text), (4 bytes).
    Removing stm32f1xx_it.o(.rrx_text), (6 bytes).
    Removing stm32f1xx_hal_msp.o(.rev16_text), (4 bytes).
    Removing stm32f1xx_hal_msp.o(.revsh_text), (4 bytes).
    Removing stm32f1xx_hal_msp.o(.rrx_text), (6 bytes).
    Removing stm32f1xx_hal_msp.o(i.HAL_RTC_MspDeInit), (40 bytes).
    Removing stm32f1xx_hal_msp.o(i.HAL_SPI_MspDeInit), (44 bytes).
    Removing main.o(.rev16_text), (4 bytes).
    Removing main.o(.revsh_text), (4 bytes).
    Removing main.o(.rrx_text), (6 bytes).
    Removing main.o(i.Error_Handler), (2 bytes).
    Removing main.o(i.HAL_RTC_AlarmAEventCallback), (40 bytes).
    Removing nrf24l01.o(.rev16_text), (4 bytes).
    Removing nrf24l01.o(.revsh_text), (4 bytes).
    Removing nrf24l01.o(.rrx_text), (6 bytes).
    Removing nrf24l01.o(i.NRF_PullPacket), (22 bytes).
    Removing nrf24l01.o(i.NRF_PushPacket), (56 bytes).
    Removing nrf24l01.o(i.NRF_SetCCW), (62 bytes).
    Removing nrf24l01.o(i.NRF_SetTXPower), (58 bytes).
    Removing system_stm32f1xx.o(.rev16_text), (4 bytes).
    Removing system_stm32f1xx.o(.revsh_text), (4 bytes).
    Removing system_stm32f1xx.o(.rrx_text), (6 bytes).
    Removing system_stm32f1xx.o(i.SystemCoreClockUpdate), (104 bytes).

230 unused section(s) (total 11650 bytes) removed from the image.

==============================================================================

Image Symbol Table

    Local Symbols

    Symbol Name                              Value     Ov Type        Size  Object(Section)

    ../Drivers/CMSIS//Device/ST/STM32F1xx/Source/Templates/system_stm32f1xx.c 0x00000000   Number         0  system_stm32f1xx.o ABSOLUTE
    ../Drivers/STM32F1xx_HAL_Driver/Src/stm32f1xx_hal.c 0x00000000   Number         0  stm32f1xx_hal.o ABSOLUTE
    ../Drivers/STM32F1xx_HAL_Driver/Src/stm32f1xx_hal_cortex.c 0x00000000   Number         0  stm32f1xx_hal_cortex.o ABSOLUTE
    ../Drivers/STM32F1xx_HAL_Driver/Src/stm32f1xx_hal_dma.c 0x00000000   Number         0  stm32f1xx_hal_dma.o ABSOLUTE
    ../Drivers/STM32F1xx_HAL_Driver/Src/stm32f1xx_hal_flash.c 0x00000000   Number         0  stm32f1xx_hal_flash.o ABSOLUTE
    ../Drivers/STM32F1xx_HAL_Driver/Src/stm32f1xx_hal_flash_ex.c 0x00000000   Number         0  stm32f1xx_hal_flash_ex.o ABSOLUTE
    ../Drivers/STM32F1xx_HAL_Driver/Src/stm32f1xx_hal_gpio.c 0x00000000   Number         0  stm32f1xx_hal_gpio.o ABSOLUTE
    ../Drivers/STM32F1xx_HAL_Driver/Src/stm32f1xx_hal_gpio_ex.c 0x00000000   Number         0  stm32f1xx_hal_gpio_ex.o ABSOLUTE
    ../Drivers/STM32F1xx_HAL_Driver/Src/stm32f1xx_hal_pwr.c 0x00000000   Number         0  stm32f1xx_hal_pwr.o ABSOLUTE
    ../Drivers/STM32F1xx_HAL_Driver/Src/stm32f1xx_hal_rcc.c 0x00000000   Number         0  stm32f1xx_hal_rcc.o ABSOLUTE
    ../Drivers/STM32F1xx_HAL_Driver/Src/stm32f1xx_hal_rcc_ex.c 0x00000000   Number         0  stm32f1xx_hal_rcc_ex.o ABSOLUTE
    ../Drivers/STM32F1xx_HAL_Driver/Src/stm32f1xx_hal_rtc.c 0x00000000   Number         0  stm32f1xx_hal_rtc.o ABSOLUTE
    ../Drivers/STM32F1xx_HAL_Driver/Src/stm32f1xx_hal_rtc_ex.c 0x00000000   Number         0  stm32f1xx_hal_rtc_ex.o ABSOLUTE
    ../Drivers/STM32F1xx_HAL_Driver/Src/stm32f1xx_hal_spi.c 0x00000000   Number         0  stm32f1xx_hal_spi.o ABSOLUTE
    ../Drivers/STM32F1xx_HAL_Driver/Src/stm32f1xx_hal_spi_ex.c 0x00000000   Number         0  stm32f1xx_hal_spi_ex.o ABSOLUTE
    ../Drivers/STM32F1xx_HAL_Driver/Src/stm32f1xx_hal_tim.c 0x00000000   Number         0  stm32f1xx_hal_tim.o ABSOLUTE
    ../Drivers/STM32F1xx_HAL_Driver/Src/stm32f1xx_hal_tim_ex.c 0x00000000   Number         0  stm32f1xx_hal_tim_ex.o ABSOLUTE
    ../Src/main.c                            0x00000000   Number         0  main.o ABSOLUTE
    ../Src/stm32f1xx_hal_msp.c               0x00000000   Number         0  stm32f1xx_hal_msp.o ABSOLUTE
    ../Src/stm32f1xx_it.c                    0x00000000   Number         0  stm32f1xx_it.o ABSOLUTE
    ../clib/microlib/init/entry.s            0x00000000   Number         0  entry7b.o ABSOLUTE
    ../clib/microlib/init/entry.s            0x00000000   Number         0  entry7a.o ABSOLUTE
    ../clib/microlib/init/entry.s            0x00000000   Number         0  entry5.o ABSOLUTE
    ../clib/microlib/init/entry.s            0x00000000   Number         0  entry2.o ABSOLUTE
    ../clib/microlib/init/entry.s            0x00000000   Number         0  entry8b.o ABSOLUTE
    ../clib/microlib/init/entry.s            0x00000000   Number         0  entry11b.o ABSOLUTE
    ../clib/microlib/init/entry.s            0x00000000   Number         0  entry11a.o ABSOLUTE
    ../clib/microlib/init/entry.s            0x00000000   Number         0  entry8a.o ABSOLUTE
    ../clib/microlib/init/entry.s            0x00000000   Number         0  entry10b.o ABSOLUTE
    ../clib/microlib/init/entry.s            0x00000000   Number         0  entry10a.o ABSOLUTE
    ../clib/microlib/init/entry.s            0x00000000   Number         0  entry9b.o ABSOLUTE
    ../clib/microlib/init/entry.s            0x00000000   Number         0  entry9a.o ABSOLUTE
    ../clib/microlib/init/entry.s            0x00000000   Number         0  entry.o ABSOLUTE
    ../clib/microlib/longlong.c              0x00000000   Number         0  llushr.o ABSOLUTE
    ../clib/microlib/malloc/malloc.c         0x00000000   Number         0  malloca.o ABSOLUTE
    ../clib/microlib/malloc/malloc.c         0x00000000   Number         0  mallocr.o ABSOLUTE
    ../clib/microlib/malloc/malloc.c         0x00000000   Number         0  mallocra.o ABSOLUTE
    ../clib/microlib/malloc/malloc.c         0x00000000   Number         0  malloc.o ABSOLUTE
    ../clib/microlib/malloc/mvars.c          0x00000000   Number         0  mvars.o ABSOLUTE
    ../clib/microlib/string/memcpy.c         0x00000000   Number         0  memcpya.o ABSOLUTE
    ../clib/microlib/string/memcpy.c         0x00000000   Number         0  memcpyb.o ABSOLUTE
    ../clib/microlib/string/memset.c         0x00000000   Number         0  memseta.o ABSOLUTE
    ..\Drivers\CMSIS\\Device\ST\STM32F1xx\Source\Templates\system_stm32f1xx.c 0x00000000   Number         0  system_stm32f1xx.o ABSOLUTE
    ..\Drivers\STM32F1xx_HAL_Driver\Src\stm32f1xx_hal.c 0x00000000   Number         0  stm32f1xx_hal.o ABSOLUTE
    ..\Drivers\STM32F1xx_HAL_Driver\Src\stm32f1xx_hal_cortex.c 0x00000000   Number         0  stm32f1xx_hal_cortex.o ABSOLUTE
    ..\Drivers\STM32F1xx_HAL_Driver\Src\stm32f1xx_hal_dma.c 0x00000000   Number         0  stm32f1xx_hal_dma.o ABSOLUTE
    ..\Drivers\STM32F1xx_HAL_Driver\Src\stm32f1xx_hal_flash.c 0x00000000   Number         0  stm32f1xx_hal_flash.o ABSOLUTE
    ..\Drivers\STM32F1xx_HAL_Driver\Src\stm32f1xx_hal_flash_ex.c 0x00000000   Number         0  stm32f1xx_hal_flash_ex.o ABSOLUTE
    ..\Drivers\STM32F1xx_HAL_Driver\Src\stm32f1xx_hal_gpio.c 0x00000000   Number         0  stm32f1xx_hal_gpio.o ABSOLUTE
    ..\Drivers\STM32F1xx_HAL_Driver\Src\stm32f1xx_hal_gpio_ex.c 0x00000000   Number         0  stm32f1xx_hal_gpio_ex.o ABSOLUTE
    ..\Drivers\STM32F1xx_HAL_Driver\Src\stm32f1xx_hal_pwr.c 0x00000000   Number         0  stm32f1xx_hal_pwr.o ABSOLUTE
    ..\Drivers\STM32F1xx_HAL_Driver\Src\stm32f1xx_hal_rcc.c 0x00000000   Number         0  stm32f1xx_hal_rcc.o ABSOLUTE
    ..\Drivers\STM32F1xx_HAL_Driver\Src\stm32f1xx_hal_rcc_ex.c 0x00000000   Number         0  stm32f1xx_hal_rcc_ex.o ABSOLUTE
    ..\Drivers\STM32F1xx_HAL_Driver\Src\stm32f1xx_hal_rtc.c 0x00000000   Number         0  stm32f1xx_hal_rtc.o ABSOLUTE
    ..\Drivers\STM32F1xx_HAL_Driver\Src\stm32f1xx_hal_rtc_ex.c 0x00000000   Number         0  stm32f1xx_hal_rtc_ex.o ABSOLUTE
    ..\Drivers\STM32F1xx_HAL_Driver\Src\stm32f1xx_hal_spi.c 0x00000000   Number         0  stm32f1xx_hal_spi.o ABSOLUTE
    ..\Drivers\STM32F1xx_HAL_Driver\Src\stm32f1xx_hal_spi_ex.c 0x00000000   Number         0  stm32f1xx_hal_spi_ex.o ABSOLUTE
    ..\Drivers\STM32F1xx_HAL_Driver\Src\stm32f1xx_hal_tim.c 0x00000000   Number         0  stm32f1xx_hal_tim.o ABSOLUTE
    ..\Drivers\STM32F1xx_HAL_Driver\Src\stm32f1xx_hal_tim_ex.c 0x00000000   Number         0  stm32f1xx_hal_tim_ex.o ABSOLUTE
    ..\Src\main.c                            0x00000000   Number         0  main.o ABSOLUTE
    ..\Src\nrf24l01.c                        0x00000000   Number         0  nrf24l01.o ABSOLUTE
    ..\Src\stm32f1xx_hal_msp.c               0x00000000   Number         0  stm32f1xx_hal_msp.o ABSOLUTE
    ..\Src\stm32f1xx_it.c                    0x00000000   Number         0  stm32f1xx_it.o ABSOLUTE
    ..\\Src\\nrf24l01.c                      0x00000000   Number         0  nrf24l01.o ABSOLUTE
    dc.s                                     0x00000000   Number         0  dc.o ABSOLUTE
    handlers.s                               0x00000000   Number         0  handlers.o ABSOLUTE
    init.s                                   0x00000000   Number         0  init.o ABSOLUTE
    startup_stm32f103xb.s                    0x00000000   Number         0  startup_stm32f103xb.o ABSOLUTE
    RESET                                    0x08000000   Section      236  startup_stm32f103xb.o(RESET)
    .ARM.Collect$$$$00000000                 0x080000ec   Section        0  entry.o(.ARM.Collect$$$$00000000)
    .ARM.Collect$$$$00000001                 0x080000ec   Section        4  entry2.o(.ARM.Collect$$$$00000001)
    .ARM.Collect$$$$00000004                 0x080000f0   Section        4  entry5.o(.ARM.Collect$$$$00000004)
    .ARM.Collect$$$$00000008                 0x080000f4   Section        0  entry7b.o(.ARM.Collect$$$$00000008)
    .ARM.Collect$$$$0000000A                 0x080000f4   Section        0  entry8b.o(.ARM.Collect$$$$0000000A)
    .ARM.Collect$$$$0000000B                 0x080000f4   Section        8  entry9a.o(.ARM.Collect$$$$0000000B)
    .ARM.Collect$$$$0000000D                 0x080000fc   Section        0  entry10a.o(.ARM.Collect$$$$0000000D)
    .ARM.Collect$$$$0000000F                 0x080000fc   Section        0  entry11a.o(.ARM.Collect$$$$0000000F)
    .ARM.Collect$$$$00002712                 0x080000fc   Section        4  entry2.o(.ARM.Collect$$$$00002712)
    __lit__00000000                          0x080000fc   Data           4  entry2.o(.ARM.Collect$$$$00002712)
    .text                                    0x08000100   Section       36  startup_stm32f103xb.o(.text)
    .text                                    0x08000124   Section        0  memseta.o(.text)
    .text                                    0x08000148   Section       36  init.o(.text)
    i.BusFault_Handler                       0x0800016c   Section        0  stm32f1xx_it.o(i.BusFault_Handler)
    i.DebugMon_Handler                       0x0800016e   Section        0  stm32f1xx_it.o(i.DebugMon_Handler)
    i.EXTI15_10_IRQHandler                   0x08000170   Section        0  stm32f1xx_it.o(i.EXTI15_10_IRQHandler)
    i.HAL_Delay                              0x08000178   Section        0  stm32f1xx_hal.o(i.HAL_Delay)
    i.HAL_GPIO_EXTI_Callback                 0x08000190   Section        0  main.o(i.HAL_GPIO_EXTI_Callback)
    i.HAL_GPIO_EXTI_IRQHandler               0x080001a8   Section        0  stm32f1xx_hal_gpio.o(i.HAL_GPIO_EXTI_IRQHandler)
    i.HAL_GPIO_Init                          0x080001c0   Section        0  stm32f1xx_hal_gpio.o(i.HAL_GPIO_Init)
    i.HAL_GPIO_WritePin                      0x0800037c   Section        0  stm32f1xx_hal_gpio.o(i.HAL_GPIO_WritePin)
    i.HAL_GetTick                            0x08000388   Section        0  stm32f1xx_hal.o(i.HAL_GetTick)
    i.HAL_IncTick                            0x08000394   Section        0  stm32f1xx_hal.o(i.HAL_IncTick)
    i.HAL_Init                               0x080003a4   Section        0  stm32f1xx_hal.o(i.HAL_Init)
    i.HAL_InitTick                           0x080003c8   Section        0  stm32f1xx_hal.o(i.HAL_InitTick)
    i.HAL_MspInit                            0x080003ec   Section        0  stm32f1xx_hal_msp.o(i.HAL_MspInit)
    i.HAL_NVIC_ClearPendingIRQ               0x0800046c   Section        0  stm32f1xx_hal_cortex.o(i.HAL_NVIC_ClearPendingIRQ)
    i.HAL_NVIC_EnableIRQ                     0x08000482   Section        0  stm32f1xx_hal_cortex.o(i.HAL_NVIC_EnableIRQ)
    i.HAL_NVIC_SetPriority                   0x08000498   Section        0  stm32f1xx_hal_cortex.o(i.HAL_NVIC_SetPriority)
    i.HAL_NVIC_SetPriorityGrouping           0x080004d8   Section        0  stm32f1xx_hal_cortex.o(i.HAL_NVIC_SetPriorityGrouping)
    i.HAL_PWR_EnableBkUpAccess               0x080004fc   Section        0  stm32f1xx_hal_pwr.o(i.HAL_PWR_EnableBkUpAccess)
    i.HAL_RCCEx_GetPeriphCLKFreq             0x08000514   Section        0  stm32f1xx_hal_rcc_ex.o(i.HAL_RCCEx_GetPeriphCLKFreq)
    i.HAL_RCCEx_PeriphCLKConfig              0x08000604   Section        0  stm32f1xx_hal_rcc_ex.o(i.HAL_RCCEx_PeriphCLKConfig)
    i.HAL_RCC_ClockConfig                    0x08000730   Section        0  stm32f1xx_hal_rcc.o(i.HAL_RCC_ClockConfig)
    i.HAL_RCC_GetHCLKFreq                    0x080008b8   Section        0  stm32f1xx_hal_rcc.o(i.HAL_RCC_GetHCLKFreq)
    i.HAL_RCC_GetPCLK2Freq                   0x080008c4   Section        0  stm32f1xx_hal_rcc.o(i.HAL_RCC_GetPCLK2Freq)
    i.HAL_RCC_GetSysClockFreq                0x080008f4   Section        0  stm32f1xx_hal_rcc.o(i.HAL_RCC_GetSysClockFreq)
    i.HAL_RCC_OscConfig                      0x0800097c   Section        0  stm32f1xx_hal_rcc.o(i.HAL_RCC_OscConfig)
    i.HAL_RTC_GetTime                        0x08000efa   Section        0  stm32f1xx_hal_rtc.o(i.HAL_RTC_GetTime)
    i.HAL_RTC_Init                           0x08000fd4   Section        0  stm32f1xx_hal_rtc.o(i.HAL_RTC_Init)
    i.HAL_RTC_MspInit                        0x08001074   Section        0  stm32f1xx_hal_msp.o(i.HAL_RTC_MspInit)
    i.HAL_RTC_SetDate                        0x080010b8   Section        0  stm32f1xx_hal_rtc.o(i.HAL_RTC_SetDate)
    i.HAL_RTC_SetTime                        0x0800117c   Section        0  stm32f1xx_hal_rtc.o(i.HAL_RTC_SetTime)
    i.HAL_RTC_WaitForSynchro                 0x08001228   Section        0  stm32f1xx_hal_rtc.o(i.HAL_RTC_WaitForSynchro)
    i.HAL_SPI_Init                           0x08001264   Section        0  stm32f1xx_hal_spi_ex.o(i.HAL_SPI_Init)
    i.HAL_SPI_MspInit                        0x080012ec   Section        0  stm32f1xx_hal_msp.o(i.HAL_SPI_MspInit)
    i.HAL_SPI_TransmitReceive                0x08001348   Section        0  stm32f1xx_hal_spi.o(i.HAL_SPI_TransmitReceive)
    i.HAL_SYSTICK_CLKSourceConfig            0x080015fa   Section        0  stm32f1xx_hal_cortex.o(i.HAL_SYSTICK_CLKSourceConfig)
    i.HAL_SYSTICK_Callback                   0x08001612   Section        0  stm32f1xx_hal_cortex.o(i.HAL_SYSTICK_Callback)
    i.HAL_SYSTICK_Config                     0x08001614   Section        0  stm32f1xx_hal_cortex.o(i.HAL_SYSTICK_Config)
    i.HAL_SYSTICK_IRQHandler                 0x0800163c   Section        0  stm32f1xx_hal_cortex.o(i.HAL_SYSTICK_IRQHandler)
    i.HardFault_Handler                      0x08001644   Section        0  stm32f1xx_it.o(i.HardFault_Handler)
    i.MX_GPIO_Init                           0x08001648   Section        0  main.o(i.MX_GPIO_Init)
    MX_GPIO_Init                             0x08001649   Thumb Code   112  main.o(i.MX_GPIO_Init)
    i.MX_RTC_Init                            0x080016c4   Section        0  main.o(i.MX_RTC_Init)
    MX_RTC_Init                              0x080016c5   Thumb Code    88  main.o(i.MX_RTC_Init)
    i.MX_SPI2_Init                           0x08001724   Section        0  main.o(i.MX_SPI2_Init)
    MX_SPI2_Init                             0x08001725   Thumb Code    56  main.o(i.MX_SPI2_Init)
    i.MemManage_Handler                      0x08001764   Section        0  stm32f1xx_it.o(i.MemManage_Handler)
    i.NMI_Handler                            0x08001766   Section        0  stm32f1xx_it.o(i.NMI_Handler)
    i.NRF_CE_DISABLE                         0x08001768   Section        0  nrf24l01.o(i.NRF_CE_DISABLE)
    i.NRF_CE_ENABLE                          0x08001772   Section        0  nrf24l01.o(i.NRF_CE_ENABLE)
    i.NRF_CS_DISABLE                         0x0800177c   Section        0  nrf24l01.o(i.NRF_CS_DISABLE)
    i.NRF_CS_ENABLE                          0x08001786   Section        0  nrf24l01.o(i.NRF_CS_ENABLE)
    i.NRF_ClearInterrupts                    0x08001790   Section        0  nrf24l01.o(i.NRF_ClearInterrupts)
    i.NRF_EnableAutoAcknowledgement          0x080017c4   Section        0  nrf24l01.o(i.NRF_EnableAutoAcknowledgement)
    i.NRF_EnableCRC                          0x080017fc   Section        0  nrf24l01.o(i.NRF_EnableCRC)
    i.NRF_EnableMaxRetransmitIRQ             0x0800183c   Section        0  nrf24l01.o(i.NRF_EnableMaxRetransmitIRQ)
    i.NRF_EnableRXDataReadyIRQ               0x0800187c   Section        0  nrf24l01.o(i.NRF_EnableRXDataReadyIRQ)
    i.NRF_EnableRXPipe                       0x080018bc   Section        0  nrf24l01.o(i.NRF_EnableRXPipe)
    i.NRF_EnableTXDataSentIRQ                0x080018f4   Section        0  nrf24l01.o(i.NRF_EnableTXDataSentIRQ)
    i.NRF_FlushRX                            0x08001934   Section        0  nrf24l01.o(i.NRF_FlushRX)
    i.NRF_FlushTX                            0x08001954   Section        0  nrf24l01.o(i.NRF_FlushTX)
    i.NRF_IRQ_Handler                        0x08001974   Section        0  nrf24l01.o(i.NRF_IRQ_Handler)
    i.NRF_Init                               0x08001a64   Section        0  nrf24l01.o(i.NRF_Init)
    i.NRF_Init_Gpio                          0x08001b56   Section        0  nrf24l01.o(i.NRF_Init_Gpio)
    i.NRF_PowerUp                            0x08001b6c   Section        0  nrf24l01.o(i.NRF_PowerUp)
    i.NRF_RXTXControl                        0x08001baa   Section        0  nrf24l01.o(i.NRF_RXTXControl)
    i.NRF_ReadRXPayload                      0x08001be8   Section        0  nrf24l01.o(i.NRF_ReadRXPayload)
    i.NRF_ReadRegister                       0x08001c1c   Section        0  nrf24l01.o(i.NRF_ReadRegister)
    i.NRF_ReceivePacket                      0x08001c38   Section        0  nrf24l01.o(i.NRF_ReceivePacket)
    i.NRF_SendCommand                        0x08001c74   Section        0  nrf24l01.o(i.NRF_SendCommand)
    i.NRF_SendPacket                         0x08001d00   Section        0  nrf24l01.o(i.NRF_SendPacket)
    i.NRF_SetAddressWidth                    0x08001d40   Section        0  nrf24l01.o(i.NRF_SetAddressWidth)
    i.NRF_SetCRCWidth                        0x08001d78   Section        0  nrf24l01.o(i.NRF_SetCRCWidth)
    i.NRF_SetDataRate                        0x08001db8   Section        0  nrf24l01.o(i.NRF_SetDataRate)
    i.NRF_SetRFChannel                       0x08001e0e   Section        0  nrf24l01.o(i.NRF_SetRFChannel)
    i.NRF_SetRXAddress_P0                    0x08001e3e   Section        0  nrf24l01.o(i.NRF_SetRXAddress_P0)
    i.NRF_SetRXPayloadWidth_P0               0x08001e56   Section        0  nrf24l01.o(i.NRF_SetRXPayloadWidth_P0)
    i.NRF_SetRetransmittionCount             0x08001e74   Section        0  nrf24l01.o(i.NRF_SetRetransmittionCount)
    i.NRF_SetRetransmittionDelay             0x08001eae   Section        0  nrf24l01.o(i.NRF_SetRetransmittionDelay)
    i.NRF_SetTXAddress                       0x08001eea   Section        0  nrf24l01.o(i.NRF_SetTXAddress)
    i.NRF_SetupGPIO                          0x08001f04   Section        0  nrf24l01.o(i.NRF_SetupGPIO)
    i.NRF_WriteRegister                      0x08001f68   Section        0  nrf24l01.o(i.NRF_WriteRegister)
    i.NRF_WriteTXPayload                     0x08001f86   Section        0  nrf24l01.o(i.NRF_WriteTXPayload)
    i.NVIC_SetPriority                       0x08001fba   Section        0  stm32f1xx_hal_cortex.o(i.NVIC_SetPriority)
    NVIC_SetPriority                         0x08001fbb   Thumb Code    32  stm32f1xx_hal_cortex.o(i.NVIC_SetPriority)
    i.PendSV_Handler                         0x08001fda   Section        0  stm32f1xx_it.o(i.PendSV_Handler)
    i.RF_Init                                0x08001fdc   Section        0  main.o(i.RF_Init)
    i.RTC_Bcd2ToByte                         0x08002040   Section        0  stm32f1xx_hal_rtc.o(i.RTC_Bcd2ToByte)
    RTC_Bcd2ToByte                           0x08002041   Thumb Code    18  stm32f1xx_hal_rtc.o(i.RTC_Bcd2ToByte)
    i.RTC_ByteToBcd2                         0x08002052   Section        0  stm32f1xx_hal_rtc.o(i.RTC_ByteToBcd2)
    RTC_ByteToBcd2                           0x08002053   Thumb Code    22  stm32f1xx_hal_rtc.o(i.RTC_ByteToBcd2)
    i.RTC_DateUpdate                         0x08002068   Section        0  stm32f1xx_hal_rtc.o(i.RTC_DateUpdate)
    RTC_DateUpdate                           0x08002069   Thumb Code   174  stm32f1xx_hal_rtc.o(i.RTC_DateUpdate)
    i.RTC_EnterInitMode                      0x08002116   Section        0  stm32f1xx_hal_rtc.o(i.RTC_EnterInitMode)
    RTC_EnterInitMode                        0x08002117   Thumb Code    52  stm32f1xx_hal_rtc.o(i.RTC_EnterInitMode)
    i.RTC_ExitInitMode                       0x0800214c   Section        0  stm32f1xx_hal_rtc.o(i.RTC_ExitInitMode)
    RTC_ExitInitMode                         0x0800214d   Thumb Code    54  stm32f1xx_hal_rtc.o(i.RTC_ExitInitMode)
    i.RTC_ReadAlarmCounter                   0x08002182   Section        0  stm32f1xx_hal_rtc.o(i.RTC_ReadAlarmCounter)
    RTC_ReadAlarmCounter                     0x08002183   Thumb Code    14  stm32f1xx_hal_rtc.o(i.RTC_ReadAlarmCounter)
    i.RTC_ReadTimeCounter                    0x08002190   Section        0  stm32f1xx_hal_rtc.o(i.RTC_ReadTimeCounter)
    RTC_ReadTimeCounter                      0x08002191   Thumb Code    32  stm32f1xx_hal_rtc.o(i.RTC_ReadTimeCounter)
    i.RTC_WeekDayNum                         0x080021b0   Section        0  stm32f1xx_hal_rtc.o(i.RTC_WeekDayNum)
    RTC_WeekDayNum                           0x080021b1   Thumb Code    86  stm32f1xx_hal_rtc.o(i.RTC_WeekDayNum)
    i.RTC_WriteAlarmCounter                  0x08002206   Section        0  stm32f1xx_hal_rtc.o(i.RTC_WriteAlarmCounter)
    RTC_WriteAlarmCounter                    0x08002207   Thumb Code    40  stm32f1xx_hal_rtc.o(i.RTC_WriteAlarmCounter)
    i.RTC_WriteTimeCounter                   0x0800222e   Section        0  stm32f1xx_hal_rtc.o(i.RTC_WriteTimeCounter)
    RTC_WriteTimeCounter                     0x0800222f   Thumb Code    40  stm32f1xx_hal_rtc.o(i.RTC_WriteTimeCounter)
    i.SPI_WaitOnFlagUntilTimeout             0x08002256   Section        0  stm32f1xx_hal_spi.o(i.SPI_WaitOnFlagUntilTimeout)
    SPI_WaitOnFlagUntilTimeout               0x08002257   Thumb Code   158  stm32f1xx_hal_spi.o(i.SPI_WaitOnFlagUntilTimeout)
    i.SVC_Handler                            0x080022f4   Section        0  stm32f1xx_it.o(i.SVC_Handler)
    i.SysTick_Handler                        0x080022f6   Section        0  stm32f1xx_it.o(i.SysTick_Handler)
    i.SystemClock_Config                     0x08002304   Section        0  main.o(i.SystemClock_Config)
    i.SystemInit                             0x08002374   Section        0  system_stm32f1xx.o(i.SystemInit)
    i.UsageFault_Handler                     0x080023bc   Section        0  stm32f1xx_it.o(i.UsageFault_Handler)
    i.__scatterload_copy                     0x080023be   Section       14  handlers.o(i.__scatterload_copy)
    i.__scatterload_null                     0x080023cc   Section        2  handlers.o(i.__scatterload_null)
    i.__scatterload_zeroinit                 0x080023ce   Section       14  handlers.o(i.__scatterload_zeroinit)
    i.free                                   0x080023dc   Section        0  malloc.o(i.free)
    i.main                                   0x0800242c   Section        0  main.o(i.main)
    i.malloc                                 0x0800249c   Section        0  malloc.o(i.malloc)
    .constdata                               0x08002508   Section       16  system_stm32f1xx.o(.constdata)
    .constdata                               0x08002518   Section        8  system_stm32f1xx.o(.constdata)
    .data                                    0x20000000   Section        1  stm32f1xx_hal_spi_ex.o(.data)
    .data                                    0x20000004   Section        4  stm32f1xx_hal.o(.data)
    uwTick                                   0x20000004   Data           4  stm32f1xx_hal.o(.data)
    .data                                    0x20000008   Section       22  main.o(.data)
    .data                                    0x20000020   Section        4  system_stm32f1xx.o(.data)
    .data                                    0x20000024   Section        4  mvars.o(.data)
    .data                                    0x20000028   Section        4  mvars.o(.data)
    .bss                                     0x2000002c   Section      232  main.o(.bss)
    HEAP                                     0x20000118   Section      512  startup_stm32f103xb.o(HEAP)
    STACK                                    0x20000318   Section     1024  startup_stm32f103xb.o(STACK)

    Global Symbols

    Symbol Name                              Value     Ov Type        Size  Object(Section)

    BuildAttributes$$THM_ISAv4$P$D$K$B$S$PE$A:L22UL41UL21$X:L11$S22US41US21$IEEE1$IW$USESV6$~STKCKD$USESV7$~SHL$OSPACE$EBA8$MICROLIB$REQ8$PRES8$EABIv2 0x00000000   Number         0  anon$$obj.o ABSOLUTE
    __ARM_use_no_argv                        0x00000000   Number         0  main.o ABSOLUTE
    __cpp_initialize__aeabi_                  - Undefined Weak Reference
    __cxa_finalize                            - Undefined Weak Reference
    __decompress                              - Undefined Weak Reference
    _clock_init                               - Undefined Weak Reference
    _microlib_exit                            - Undefined Weak Reference
    __Vectors_Size                           0x000000ec   Number         0  startup_stm32f103xb.o ABSOLUTE
    __Vectors                                0x08000000   Data           4  startup_stm32f103xb.o(RESET)
    __Vectors_End                            0x080000ec   Data           0  startup_stm32f103xb.o(RESET)
    __main                                   0x080000ed   Thumb Code     0  entry.o(.ARM.Collect$$$$00000000)
    _main_stk                                0x080000ed   Thumb Code     0  entry2.o(.ARM.Collect$$$$00000001)
    _main_scatterload                        0x080000f1   Thumb Code     0  entry5.o(.ARM.Collect$$$$00000004)
    __main_after_scatterload                 0x080000f5   Thumb Code     0  entry5.o(.ARM.Collect$$$$00000004)
    _main_clock                              0x080000f5   Thumb Code     0  entry7b.o(.ARM.Collect$$$$00000008)
    _main_cpp_init                           0x080000f5   Thumb Code     0  entry8b.o(.ARM.Collect$$$$0000000A)
    _main_init                               0x080000f5   Thumb Code     0  entry9a.o(.ARM.Collect$$$$0000000B)
    __rt_final_cpp                           0x080000fd   Thumb Code     0  entry10a.o(.ARM.Collect$$$$0000000D)
    __rt_final_exit                          0x080000fd   Thumb Code     0  entry11a.o(.ARM.Collect$$$$0000000F)
    Reset_Handler                            0x08000101   Thumb Code     8  startup_stm32f103xb.o(.text)
    ADC1_2_IRQHandler                        0x0800011b   Thumb Code     0  startup_stm32f103xb.o(.text)
    CAN1_RX1_IRQHandler                      0x0800011b   Thumb Code     0  startup_stm32f103xb.o(.text)
    CAN1_SCE_IRQHandler                      0x0800011b   Thumb Code     0  startup_stm32f103xb.o(.text)
    DMA1_Channel1_IRQHandler                 0x0800011b   Thumb Code     0  startup_stm32f103xb.o(.text)
    DMA1_Channel2_IRQHandler                 0x0800011b   Thumb Code     0  startup_stm32f103xb.o(.text)
    DMA1_Channel3_IRQHandler                 0x0800011b   Thumb Code     0  startup_stm32f103xb.o(.text)
    DMA1_Channel4_IRQHandler                 0x0800011b   Thumb Code     0  startup_stm32f103xb.o(.text)
    DMA1_Channel5_IRQHandler                 0x0800011b   Thumb Code     0  startup_stm32f103xb.o(.text)
    DMA1_Channel6_IRQHandler                 0x0800011b   Thumb Code     0  startup_stm32f103xb.o(.text)
    DMA1_Channel7_IRQHandler                 0x0800011b   Thumb Code     0  startup_stm32f103xb.o(.text)
    EXTI0_IRQHandler                         0x0800011b   Thumb Code     0  startup_stm32f103xb.o(.text)
    EXTI1_IRQHandler                         0x0800011b   Thumb Code     0  startup_stm32f103xb.o(.text)
    EXTI2_IRQHandler                         0x0800011b   Thumb Code     0  startup_stm32f103xb.o(.text)
    EXTI3_IRQHandler                         0x0800011b   Thumb Code     0  startup_stm32f103xb.o(.text)
    EXTI4_IRQHandler                         0x0800011b   Thumb Code     0  startup_stm32f103xb.o(.text)
    EXTI9_5_IRQHandler                       0x0800011b   Thumb Code     0  startup_stm32f103xb.o(.text)
    FLASH_IRQHandler                         0x0800011b   Thumb Code     0  startup_stm32f103xb.o(.text)
    I2C1_ER_IRQHandler                       0x0800011b   Thumb Code     0  startup_stm32f103xb.o(.text)
    I2C1_EV_IRQHandler                       0x0800011b   Thumb Code     0  startup_stm32f103xb.o(.text)
    I2C2_ER_IRQHandler                       0x0800011b   Thumb Code     0  startup_stm32f103xb.o(.text)
    I2C2_EV_IRQHandler                       0x0800011b   Thumb Code     0  startup_stm32f103xb.o(.text)
    PVD_IRQHandler                           0x0800011b   Thumb Code     0  startup_stm32f103xb.o(.text)
    RCC_IRQHandler                           0x0800011b   Thumb Code     0  startup_stm32f103xb.o(.text)
    RTC_Alarm_IRQHandler                     0x0800011b   Thumb Code     0  startup_stm32f103xb.o(.text)
    RTC_IRQHandler                           0x0800011b   Thumb Code     0  startup_stm32f103xb.o(.text)
    SPI1_IRQHandler                          0x0800011b   Thumb Code     0  startup_stm32f103xb.o(.text)
    SPI2_IRQHandler                          0x0800011b   Thumb Code     0  startup_stm32f103xb.o(.text)
    TAMPER_IRQHandler                        0x0800011b   Thumb Code     0  startup_stm32f103xb.o(.text)
    TIM1_BRK_IRQHandler                      0x0800011b   Thumb Code     0  startup_stm32f103xb.o(.text)
    TIM1_CC_IRQHandler                       0x0800011b   Thumb Code     0  startup_stm32f103xb.o(.text)
    TIM1_TRG_COM_IRQHandler                  0x0800011b   Thumb Code     0  startup_stm32f103xb.o(.text)
    TIM1_UP_IRQHandler                       0x0800011b   Thumb Code     0  startup_stm32f103xb.o(.text)
    TIM2_IRQHandler                          0x0800011b   Thumb Code     0  startup_stm32f103xb.o(.text)
    TIM3_IRQHandler                          0x0800011b   Thumb Code     0  startup_stm32f103xb.o(.text)
    TIM4_IRQHandler                          0x0800011b   Thumb Code     0  startup_stm32f103xb.o(.text)
    USART1_IRQHandler                        0x0800011b   Thumb Code     0  startup_stm32f103xb.o(.text)
    USART2_IRQHandler                        0x0800011b   Thumb Code     0  startup_stm32f103xb.o(.text)
    USART3_IRQHandler                        0x0800011b   Thumb Code     0  startup_stm32f103xb.o(.text)
    USBWakeUp_IRQHandler                     0x0800011b   Thumb Code     0  startup_stm32f103xb.o(.text)
    USB_HP_CAN1_TX_IRQHandler                0x0800011b   Thumb Code     0  startup_stm32f103xb.o(.text)
    USB_LP_CAN1_RX0_IRQHandler               0x0800011b   Thumb Code     0  startup_stm32f103xb.o(.text)
    WWDG_IRQHandler                          0x0800011b   Thumb Code     0  startup_stm32f103xb.o(.text)
    __aeabi_memset                           0x08000125   Thumb Code    14  memseta.o(.text)
    __aeabi_memset4                          0x08000125   Thumb Code     0  memseta.o(.text)
    __aeabi_memset8                          0x08000125   Thumb Code     0  memseta.o(.text)
    __aeabi_memclr                           0x08000133   Thumb Code     4  memseta.o(.text)
    __aeabi_memclr4                          0x08000133   Thumb Code     0  memseta.o(.text)
    __aeabi_memclr8                          0x08000133   Thumb Code     0  memseta.o(.text)
    _memset$wrapper                          0x08000137   Thumb Code    18  memseta.o(.text)
    __scatterload                            0x08000149   Thumb Code    28  init.o(.text)
    __scatterload_rt2                        0x08000149   Thumb Code     0  init.o(.text)
    BusFault_Handler                         0x0800016d   Thumb Code     2  stm32f1xx_it.o(i.BusFault_Handler)
    DebugMon_Handler                         0x0800016f   Thumb Code     2  stm32f1xx_it.o(i.DebugMon_Handler)
    EXTI15_10_IRQHandler                     0x08000171   Thumb Code     8  stm32f1xx_it.o(i.EXTI15_10_IRQHandler)
    HAL_Delay                                0x08000179   Thumb Code    22  stm32f1xx_hal.o(i.HAL_Delay)
    HAL_GPIO_EXTI_Callback                   0x08000191   Thumb Code    18  main.o(i.HAL_GPIO_EXTI_Callback)
    HAL_GPIO_EXTI_IRQHandler                 0x080001a9   Thumb Code    18  stm32f1xx_hal_gpio.o(i.HAL_GPIO_EXTI_IRQHandler)
    HAL_GPIO_Init                            0x080001c1   Thumb Code   408  stm32f1xx_hal_gpio.o(i.HAL_GPIO_Init)
    HAL_GPIO_WritePin                        0x0800037d   Thumb Code    10  stm32f1xx_hal_gpio.o(i.HAL_GPIO_WritePin)
    HAL_GetTick                              0x08000389   Thumb Code     6  stm32f1xx_hal.o(i.HAL_GetTick)
    HAL_IncTick                              0x08000395   Thumb Code    10  stm32f1xx_hal.o(i.HAL_IncTick)
    HAL_Init                                 0x080003a5   Thumb Code    32  stm32f1xx_hal.o(i.HAL_Init)
    HAL_InitTick                             0x080003c9   Thumb Code    34  stm32f1xx_hal.o(i.HAL_InitTick)
    HAL_MspInit                              0x080003ed   Thumb Code   118  stm32f1xx_hal_msp.o(i.HAL_MspInit)
    HAL_NVIC_ClearPendingIRQ                 0x0800046d   Thumb Code    22  stm32f1xx_hal_cortex.o(i.HAL_NVIC_ClearPendingIRQ)
    HAL_NVIC_EnableIRQ                       0x08000483   Thumb Code    22  stm32f1xx_hal_cortex.o(i.HAL_NVIC_EnableIRQ)
    HAL_NVIC_SetPriority                     0x08000499   Thumb Code    60  stm32f1xx_hal_cortex.o(i.HAL_NVIC_SetPriority)
    HAL_NVIC_SetPriorityGrouping             0x080004d9   Thumb Code    26  stm32f1xx_hal_cortex.o(i.HAL_NVIC_SetPriorityGrouping)
    HAL_PWR_EnableBkUpAccess                 0x080004fd   Thumb Code    20  stm32f1xx_hal_pwr.o(i.HAL_PWR_EnableBkUpAccess)
    HAL_RCCEx_GetPeriphCLKFreq               0x08000515   Thumb Code   208  stm32f1xx_hal_rcc_ex.o(i.HAL_RCCEx_GetPeriphCLKFreq)
    HAL_RCCEx_PeriphCLKConfig                0x08000605   Thumb Code   288  stm32f1xx_hal_rcc_ex.o(i.HAL_RCCEx_PeriphCLKConfig)
    HAL_RCC_ClockConfig                      0x08000731   Thumb Code   374  stm32f1xx_hal_rcc.o(i.HAL_RCC_ClockConfig)
    HAL_RCC_GetHCLKFreq                      0x080008b9   Thumb Code     6  stm32f1xx_hal_rcc.o(i.HAL_RCC_GetHCLKFreq)
    HAL_RCC_GetPCLK2Freq                     0x080008c5   Thumb Code    34  stm32f1xx_hal_rcc.o(i.HAL_RCC_GetPCLK2Freq)
    HAL_RCC_GetSysClockFreq                  0x080008f5   Thumb Code   102  stm32f1xx_hal_rcc.o(i.HAL_RCC_GetSysClockFreq)
    HAL_RCC_OscConfig                        0x0800097d   Thumb Code  1406  stm32f1xx_hal_rcc.o(i.HAL_RCC_OscConfig)
    HAL_RTC_GetTime                          0x08000efb   Thumb Code   216  stm32f1xx_hal_rtc.o(i.HAL_RTC_GetTime)
    HAL_RTC_Init                             0x08000fd5   Thumb Code   154  stm32f1xx_hal_rtc.o(i.HAL_RTC_Init)
    HAL_RTC_MspInit                          0x08001075   Thumb Code    56  stm32f1xx_hal_msp.o(i.HAL_RTC_MspInit)
    HAL_RTC_SetDate                          0x080010b9   Thumb Code   192  stm32f1xx_hal_rtc.o(i.HAL_RTC_SetDate)
    HAL_RTC_SetTime                          0x0800117d   Thumb Code   168  stm32f1xx_hal_rtc.o(i.HAL_RTC_SetTime)
    HAL_RTC_WaitForSynchro                   0x08001229   Thumb Code    58  stm32f1xx_hal_rtc.o(i.HAL_RTC_WaitForSynchro)
    HAL_SPI_Init                             0x08001265   Thumb Code   132  stm32f1xx_hal_spi_ex.o(i.HAL_SPI_Init)
    HAL_SPI_MspInit                          0x080012ed   Thumb Code    78  stm32f1xx_hal_msp.o(i.HAL_SPI_MspInit)
    HAL_SPI_TransmitReceive                  0x08001349   Thumb Code   690  stm32f1xx_hal_spi.o(i.HAL_SPI_TransmitReceive)
    HAL_SYSTICK_CLKSourceConfig              0x080015fb   Thumb Code    24  stm32f1xx_hal_cortex.o(i.HAL_SYSTICK_CLKSourceConfig)
    HAL_SYSTICK_Callback                     0x08001613   Thumb Code     2  stm32f1xx_hal_cortex.o(i.HAL_SYSTICK_Callback)
    HAL_SYSTICK_Config                       0x08001615   Thumb Code    40  stm32f1xx_hal_cortex.o(i.HAL_SYSTICK_Config)
    HAL_SYSTICK_IRQHandler                   0x0800163d   Thumb Code     8  stm32f1xx_hal_cortex.o(i.HAL_SYSTICK_IRQHandler)
    HardFault_Handler                        0x08001645   Thumb Code     2  stm32f1xx_it.o(i.HardFault_Handler)
    MemManage_Handler                        0x08001765   Thumb Code     2  stm32f1xx_it.o(i.MemManage_Handler)
    NMI_Handler                              0x08001767   Thumb Code     2  stm32f1xx_it.o(i.NMI_Handler)
    NRF_CE_DISABLE                           0x08001769   Thumb Code    10  nrf24l01.o(i.NRF_CE_DISABLE)
    NRF_CE_ENABLE                            0x08001773   Thumb Code    10  nrf24l01.o(i.NRF_CE_ENABLE)
    NRF_CS_DISABLE                           0x0800177d   Thumb Code    10  nrf24l01.o(i.NRF_CS_DISABLE)
    NRF_CS_ENABLE                            0x08001787   Thumb Code    10  nrf24l01.o(i.NRF_CS_ENABLE)
    NRF_ClearInterrupts                      0x08001791   Thumb Code    52  nrf24l01.o(i.NRF_ClearInterrupts)
    NRF_EnableAutoAcknowledgement            0x080017c5   Thumb Code    56  nrf24l01.o(i.NRF_EnableAutoAcknowledgement)
    NRF_EnableCRC                            0x080017fd   Thumb Code    62  nrf24l01.o(i.NRF_EnableCRC)
    NRF_EnableMaxRetransmitIRQ               0x0800183d   Thumb Code    64  nrf24l01.o(i.NRF_EnableMaxRetransmitIRQ)
    NRF_EnableRXDataReadyIRQ                 0x0800187d   Thumb Code    64  nrf24l01.o(i.NRF_EnableRXDataReadyIRQ)
    NRF_EnableRXPipe                         0x080018bd   Thumb Code    56  nrf24l01.o(i.NRF_EnableRXPipe)
    NRF_EnableTXDataSentIRQ                  0x080018f5   Thumb Code    64  nrf24l01.o(i.NRF_EnableTXDataSentIRQ)
    NRF_FlushRX                              0x08001935   Thumb Code    32  nrf24l01.o(i.NRF_FlushRX)
    NRF_FlushTX                              0x08001955   Thumb Code    32  nrf24l01.o(i.NRF_FlushTX)
    NRF_IRQ_Handler                          0x08001975   Thumb Code   240  nrf24l01.o(i.NRF_IRQ_Handler)
    NRF_Init                                 0x08001a65   Thumb Code   242  nrf24l01.o(i.NRF_Init)
    NRF_Init_Gpio                            0x08001b57   Thumb Code    22  nrf24l01.o(i.NRF_Init_Gpio)
    NRF_PowerUp                              0x08001b6d   Thumb Code    62  nrf24l01.o(i.NRF_PowerUp)
    NRF_RXTXControl                          0x08001bab   Thumb Code    62  nrf24l01.o(i.NRF_RXTXControl)
    NRF_ReadRXPayload                        0x08001be9   Thumb Code    52  nrf24l01.o(i.NRF_ReadRXPayload)
    NRF_ReadRegister                         0x08001c1d   Thumb Code    28  nrf24l01.o(i.NRF_ReadRegister)
    NRF_ReceivePacket                        0x08001c39   Thumb Code    58  nrf24l01.o(i.NRF_ReceivePacket)
    NRF_SendCommand                          0x08001c75   Thumb Code   134  nrf24l01.o(i.NRF_SendCommand)
    NRF_SendPacket                           0x08001d01   Thumb Code    64  nrf24l01.o(i.NRF_SendPacket)
    NRF_SetAddressWidth                      0x08001d41   Thumb Code    56  nrf24l01.o(i.NRF_SetAddressWidth)
    NRF_SetCRCWidth                          0x08001d79   Thumb Code    64  nrf24l01.o(i.NRF_SetCRCWidth)
    NRF_SetDataRate                          0x08001db9   Thumb Code    86  nrf24l01.o(i.NRF_SetDataRate)
    NRF_SetRFChannel                         0x08001e0f   Thumb Code    48  nrf24l01.o(i.NRF_SetRFChannel)
    NRF_SetRXAddress_P0                      0x08001e3f   Thumb Code    24  nrf24l01.o(i.NRF_SetRXAddress_P0)
    NRF_SetRXPayloadWidth_P0                 0x08001e57   Thumb Code    30  nrf24l01.o(i.NRF_SetRXPayloadWidth_P0)
    NRF_SetRetransmittionCount               0x08001e75   Thumb Code    58  nrf24l01.o(i.NRF_SetRetransmittionCount)
    NRF_SetRetransmittionDelay               0x08001eaf   Thumb Code    60  nrf24l01.o(i.NRF_SetRetransmittionDelay)
    NRF_SetTXAddress                         0x08001eeb   Thumb Code    24  nrf24l01.o(i.NRF_SetTXAddress)
    NRF_SetupGPIO                            0x08001f05   Thumb Code    94  nrf24l01.o(i.NRF_SetupGPIO)
    NRF_WriteRegister                        0x08001f69   Thumb Code    30  nrf24l01.o(i.NRF_WriteRegister)
    NRF_WriteTXPayload                       0x08001f87   Thumb Code    52  nrf24l01.o(i.NRF_WriteTXPayload)
    PendSV_Handler                           0x08001fdb   Thumb Code     2  stm32f1xx_it.o(i.PendSV_Handler)
    RF_Init                                  0x08001fdd   Thumb Code    86  main.o(i.RF_Init)
    SVC_Handler                              0x080022f5   Thumb Code     2  stm32f1xx_it.o(i.SVC_Handler)
    SysTick_Handler                          0x080022f7   Thumb Code    14  stm32f1xx_it.o(i.SysTick_Handler)
    SystemClock_Config                       0x08002305   Thumb Code   110  main.o(i.SystemClock_Config)
    SystemInit                               0x08002375   Thumb Code    56  system_stm32f1xx.o(i.SystemInit)
    UsageFault_Handler                       0x080023bd   Thumb Code     2  stm32f1xx_it.o(i.UsageFault_Handler)
    __scatterload_copy                       0x080023bf   Thumb Code    14  handlers.o(i.__scatterload_copy)
    __scatterload_null                       0x080023cd   Thumb Code     2  handlers.o(i.__scatterload_null)
    __scatterload_zeroinit                   0x080023cf   Thumb Code    14  handlers.o(i.__scatterload_zeroinit)
    free                                     0x080023dd   Thumb Code    76  malloc.o(i.free)
    main                                     0x0800242d   Thumb Code   104  main.o(i.main)
    malloc                                   0x0800249d   Thumb Code    92  malloc.o(i.malloc)
    AHBPrescTable                            0x08002508   Data          16  system_stm32f1xx.o(.constdata)
    APBPrescTable                            0x08002518   Data           8  system_stm32f1xx.o(.constdata)
    Region$$Table$$Base                      0x08002520   Number         0  anon$$obj.o(Region$$Table)
    Region$$Table$$Limit                     0x08002540   Number         0  anon$$obj.o(Region$$Table)
    uCRCErrorWorkaroundCheck                 0x20000000   Data           1  stm32f1xx_hal_spi_ex.o(.data)
    RTC_time                                 0x20000008   Data           3  main.o(.data)
    RTC_initTime                             0x2000000b   Data           3  main.o(.data)
    ledPort                                  0x20000010   Data           4  main.o(.data)
    rx_addr                                  0x20000014   Data           5  main.o(.data)
    tx_addr                                  0x20000019   Data           5  main.o(.data)
    SystemCoreClock                          0x20000020   Data           4  system_stm32f1xx.o(.data)
    __microlib_freelist                      0x20000024   Data           4  mvars.o(.data)
    __microlib_freelist_initialised          0x20000028   Data           4  mvars.o(.data)
    hrtc                                     0x2000002c   Data          20  main.o(.bss)
    hspi2                                    0x20000040   Data          88  main.o(.bss)
    rf                                       0x20000098   Data          60  main.o(.bss)
    rx_buff                                  0x200000d4   Data          32  main.o(.bss)
    tx_buff                                  0x200000f4   Data          32  main.o(.bss)
    __heap_base                              0x20000118   Data           0  startup_stm32f103xb.o(HEAP)
    __heap_limit                             0x20000318   Data           0  startup_stm32f103xb.o(HEAP)
    __initial_sp                             0x20000718   Data           0  startup_stm32f103xb.o(STACK)



==============================================================================

Memory Map of the image

  Image Entry point : 0x080000ed

  Load Region LR_IROM1 (Base: 0x08000000, Size: 0x0000256c, Max: 0x00010000, ABSOLUTE)

    Execution Region ER_IROM1 (Base: 0x08000000, Size: 0x00002540, Max: 0x00010000, ABSOLUTE)

    Base Addr    Size         Type   Attr      Idx    E Section Name        Object

    0x08000000   0x000000ec   Data   RO            3    RESET               startup_stm32f103xb.o
    0x080000ec   0x00000000   Code   RO         2046  * .ARM.Collect$$$$00000000  mc_w.l(entry.o)
    0x080000ec   0x00000004   Code   RO         2081    .ARM.Collect$$$$00000001  mc_w.l(entry2.o)
    0x080000f0   0x00000004   Code   RO         2084    .ARM.Collect$$$$00000004  mc_w.l(entry5.o)
    0x080000f4   0x00000000   Code   RO         2086    .ARM.Collect$$$$00000008  mc_w.l(entry7b.o)
    0x080000f4   0x00000000   Code   RO         2088    .ARM.Collect$$$$0000000A  mc_w.l(entry8b.o)
    0x080000f4   0x00000008   Code   RO         2089    .ARM.Collect$$$$0000000B  mc_w.l(entry9a.o)
    0x080000fc   0x00000000   Code   RO         2091    .ARM.Collect$$$$0000000D  mc_w.l(entry10a.o)
    0x080000fc   0x00000000   Code   RO         2093    .ARM.Collect$$$$0000000F  mc_w.l(entry11a.o)
    0x080000fc   0x00000004   Code   RO         2082    .ARM.Collect$$$$00002712  mc_w.l(entry2.o)
    0x08000100   0x00000024   Code   RO            4    .text               startup_stm32f103xb.o
    0x08000124   0x00000024   Code   RO         2051    .text               mc_w.l(memseta.o)
    0x08000148   0x00000024   Code   RO         2101    .text               mc_w.l(init.o)
    0x0800016c   0x00000002   Code   RO         1565    i.BusFault_Handler  stm32f1xx_it.o
    0x0800016e   0x00000002   Code   RO         1566    i.DebugMon_Handler  stm32f1xx_it.o
    0x08000170   0x00000008   Code   RO         1567    i.EXTI15_10_IRQHandler  stm32f1xx_it.o
    0x08000178   0x00000016   Code   RO         1438    i.HAL_Delay         stm32f1xx_hal.o
    0x0800018e   0x00000002   PAD
    0x08000190   0x00000018   Code   RO         1695    i.HAL_GPIO_EXTI_Callback  main.o
    0x080001a8   0x00000018   Code   RO          725    i.HAL_GPIO_EXTI_IRQHandler  stm32f1xx_hal_gpio.o
    0x080001c0   0x000001bc   Code   RO          726    i.HAL_GPIO_Init     stm32f1xx_hal_gpio.o
    0x0800037c   0x0000000a   Code   RO          730    i.HAL_GPIO_WritePin  stm32f1xx_hal_gpio.o
    0x08000386   0x00000002   PAD
    0x08000388   0x0000000c   Code   RO         1442    i.HAL_GetTick       stm32f1xx_hal.o
    0x08000394   0x00000010   Code   RO         1443    i.HAL_IncTick       stm32f1xx_hal.o
    0x080003a4   0x00000024   Code   RO         1444    i.HAL_Init          stm32f1xx_hal.o
    0x080003c8   0x00000022   Code   RO         1445    i.HAL_InitTick      stm32f1xx_hal.o
    0x080003ea   0x00000002   PAD
    0x080003ec   0x00000080   Code   RO         1646    i.HAL_MspInit       stm32f1xx_hal_msp.o
    0x0800046c   0x00000016   Code   RO         1237    i.HAL_NVIC_ClearPendingIRQ  stm32f1xx_hal_cortex.o
    0x08000482   0x00000016   Code   RO         1239    i.HAL_NVIC_EnableIRQ  stm32f1xx_hal_cortex.o
    0x08000498   0x00000040   Code   RO         1245    i.HAL_NVIC_SetPriority  stm32f1xx_hal_cortex.o
    0x080004d8   0x00000024   Code   RO         1246    i.HAL_NVIC_SetPriorityGrouping  stm32f1xx_hal_cortex.o
    0x080004fc   0x00000018   Code   RO          966    i.HAL_PWR_EnableBkUpAccess  stm32f1xx_hal_pwr.o
    0x08000514   0x000000f0   Code   RO          688    i.HAL_RCCEx_GetPeriphCLKFreq  stm32f1xx_hal_rcc_ex.o
    0x08000604   0x0000012c   Code   RO          689    i.HAL_RCCEx_PeriphCLKConfig  stm32f1xx_hal_rcc_ex.o
    0x08000730   0x00000188   Code   RO         1136    i.HAL_RCC_ClockConfig  stm32f1xx_hal_rcc.o
    0x080008b8   0x0000000c   Code   RO         1141    i.HAL_RCC_GetHCLKFreq  stm32f1xx_hal_rcc.o
    0x080008c4   0x00000030   Code   RO         1144    i.HAL_RCC_GetPCLK2Freq  stm32f1xx_hal_rcc.o
    0x080008f4   0x00000088   Code   RO         1145    i.HAL_RCC_GetSysClockFreq  stm32f1xx_hal_rcc.o
    0x0800097c   0x0000057e   Code   RO         1148    i.HAL_RCC_OscConfig  stm32f1xx_hal_rcc.o
    0x08000efa   0x000000d8   Code   RO          796    i.HAL_RTC_GetTime   stm32f1xx_hal_rtc.o
    0x08000fd2   0x00000002   PAD
    0x08000fd4   0x000000a0   Code   RO          797    i.HAL_RTC_Init      stm32f1xx_hal_rtc.o
    0x08001074   0x00000044   Code   RO         1648    i.HAL_RTC_MspInit   stm32f1xx_hal_msp.o
    0x080010b8   0x000000c4   Code   RO          803    i.HAL_RTC_SetDate   stm32f1xx_hal_rtc.o
    0x0800117c   0x000000ac   Code   RO          804    i.HAL_RTC_SetTime   stm32f1xx_hal_rtc.o
    0x08001228   0x0000003a   Code   RO          805    i.HAL_RTC_WaitForSynchro  stm32f1xx_hal_rtc.o
    0x08001262   0x00000002   PAD
    0x08001264   0x00000088   Code   RO         1102    i.HAL_SPI_Init      stm32f1xx_hal_spi_ex.o
    0x080012ec   0x0000005c   Code   RO         1650    i.HAL_SPI_MspInit   stm32f1xx_hal_msp.o
    0x08001348   0x000002b2   Code   RO          339    i.HAL_SPI_TransmitReceive  stm32f1xx_hal_spi.o
    0x080015fa   0x00000018   Code   RO         1248    i.HAL_SYSTICK_CLKSourceConfig  stm32f1xx_hal_cortex.o
    0x08001612   0x00000002   Code   RO         1249    i.HAL_SYSTICK_Callback  stm32f1xx_hal_cortex.o
    0x08001614   0x00000028   Code   RO         1250    i.HAL_SYSTICK_Config  stm32f1xx_hal_cortex.o
    0x0800163c   0x00000008   Code   RO         1251    i.HAL_SYSTICK_IRQHandler  stm32f1xx_hal_cortex.o
    0x08001644   0x00000002   Code   RO         1568    i.HardFault_Handler  stm32f1xx_it.o
    0x08001646   0x00000002   PAD
    0x08001648   0x0000007c   Code   RO         1697    i.MX_GPIO_Init      main.o
    0x080016c4   0x00000060   Code   RO         1698    i.MX_RTC_Init       main.o
    0x08001724   0x00000040   Code   RO         1699    i.MX_SPI2_Init      main.o
    0x08001764   0x00000002   Code   RO         1569    i.MemManage_Handler  stm32f1xx_it.o
    0x08001766   0x00000002   Code   RO         1570    i.NMI_Handler       stm32f1xx_it.o
    0x08001768   0x0000000a   Code   RO         1770    i.NRF_CE_DISABLE    nrf24l01.o
    0x08001772   0x0000000a   Code   RO         1771    i.NRF_CE_ENABLE     nrf24l01.o
    0x0800177c   0x0000000a   Code   RO         1772    i.NRF_CS_DISABLE    nrf24l01.o
    0x08001786   0x0000000a   Code   RO         1773    i.NRF_CS_ENABLE     nrf24l01.o
    0x08001790   0x00000034   Code   RO         1774    i.NRF_ClearInterrupts  nrf24l01.o
    0x080017c4   0x00000038   Code   RO         1775    i.NRF_EnableAutoAcknowledgement  nrf24l01.o
    0x080017fc   0x0000003e   Code   RO         1776    i.NRF_EnableCRC     nrf24l01.o
    0x0800183a   0x00000002   PAD
    0x0800183c   0x00000040   Code   RO         1777    i.NRF_EnableMaxRetransmitIRQ  nrf24l01.o
    0x0800187c   0x00000040   Code   RO         1778    i.NRF_EnableRXDataReadyIRQ  nrf24l01.o
    0x080018bc   0x00000038   Code   RO         1779    i.NRF_EnableRXPipe  nrf24l01.o
    0x080018f4   0x00000040   Code   RO         1780    i.NRF_EnableTXDataSentIRQ  nrf24l01.o
    0x08001934   0x00000020   Code   RO         1781    i.NRF_FlushRX       nrf24l01.o
    0x08001954   0x00000020   Code   RO         1782    i.NRF_FlushTX       nrf24l01.o
    0x08001974   0x000000f0   Code   RO         1783    i.NRF_IRQ_Handler   nrf24l01.o
    0x08001a64   0x000000f2   Code   RO         1784    i.NRF_Init          nrf24l01.o
    0x08001b56   0x00000016   Code   RO         1785    i.NRF_Init_Gpio     nrf24l01.o
    0x08001b6c   0x0000003e   Code   RO         1786    i.NRF_PowerUp       nrf24l01.o
    0x08001baa   0x0000003e   Code   RO         1789    i.NRF_RXTXControl   nrf24l01.o
    0x08001be8   0x00000034   Code   RO         1790    i.NRF_ReadRXPayload  nrf24l01.o
    0x08001c1c   0x0000001c   Code   RO         1791    i.NRF_ReadRegister  nrf24l01.o
    0x08001c38   0x0000003a   Code   RO         1792    i.NRF_ReceivePacket  nrf24l01.o
    0x08001c72   0x00000002   PAD
    0x08001c74   0x0000008c   Code   RO         1793    i.NRF_SendCommand   nrf24l01.o
    0x08001d00   0x00000040   Code   RO         1794    i.NRF_SendPacket    nrf24l01.o
    0x08001d40   0x00000038   Code   RO         1795    i.NRF_SetAddressWidth  nrf24l01.o
    0x08001d78   0x00000040   Code   RO         1797    i.NRF_SetCRCWidth   nrf24l01.o
    0x08001db8   0x00000056   Code   RO         1798    i.NRF_SetDataRate   nrf24l01.o
    0x08001e0e   0x00000030   Code   RO         1799    i.NRF_SetRFChannel  nrf24l01.o
    0x08001e3e   0x00000018   Code   RO         1800    i.NRF_SetRXAddress_P0  nrf24l01.o
    0x08001e56   0x0000001e   Code   RO         1801    i.NRF_SetRXPayloadWidth_P0  nrf24l01.o
    0x08001e74   0x0000003a   Code   RO         1802    i.NRF_SetRetransmittionCount  nrf24l01.o
    0x08001eae   0x0000003c   Code   RO         1803    i.NRF_SetRetransmittionDelay  nrf24l01.o
    0x08001eea   0x00000018   Code   RO         1804    i.NRF_SetTXAddress  nrf24l01.o
    0x08001f02   0x00000002   PAD
    0x08001f04   0x00000064   Code   RO         1806    i.NRF_SetupGPIO     nrf24l01.o
    0x08001f68   0x0000001e   Code   RO         1807    i.NRF_WriteRegister  nrf24l01.o
    0x08001f86   0x00000034   Code   RO         1808    i.NRF_WriteTXPayload  nrf24l01.o
    0x08001fba   0x00000020   Code   RO         1252    i.NVIC_SetPriority  stm32f1xx_hal_cortex.o
    0x08001fda   0x00000002   Code   RO         1571    i.PendSV_Handler    stm32f1xx_it.o
    0x08001fdc   0x00000064   Code   RO         1700    i.RF_Init           main.o
    0x08002040   0x00000012   Code   RO          806    i.RTC_Bcd2ToByte    stm32f1xx_hal_rtc.o
    0x08002052   0x00000016   Code   RO          807    i.RTC_ByteToBcd2    stm32f1xx_hal_rtc.o
    0x08002068   0x000000ae   Code   RO          808    i.RTC_DateUpdate    stm32f1xx_hal_rtc.o
    0x08002116   0x00000034   Code   RO          809    i.RTC_EnterInitMode  stm32f1xx_hal_rtc.o
    0x0800214a   0x00000002   PAD
    0x0800214c   0x00000036   Code   RO          810    i.RTC_ExitInitMode  stm32f1xx_hal_rtc.o
    0x08002182   0x0000000e   Code   RO          811    i.RTC_ReadAlarmCounter  stm32f1xx_hal_rtc.o
    0x08002190   0x00000020   Code   RO          812    i.RTC_ReadTimeCounter  stm32f1xx_hal_rtc.o
    0x080021b0   0x00000056   Code   RO          813    i.RTC_WeekDayNum    stm32f1xx_hal_rtc.o
    0x08002206   0x00000028   Code   RO          814    i.RTC_WriteAlarmCounter  stm32f1xx_hal_rtc.o
    0x0800222e   0x00000028   Code   RO          815    i.RTC_WriteTimeCounter  stm32f1xx_hal_rtc.o
    0x08002256   0x0000009e   Code   RO          361    i.SPI_WaitOnFlagUntilTimeout  stm32f1xx_hal_spi.o
    0x080022f4   0x00000002   Code   RO         1572    i.SVC_Handler       stm32f1xx_it.o
    0x080022f6   0x0000000e   Code   RO         1573    i.SysTick_Handler   stm32f1xx_it.o
    0x08002304   0x0000006e   Code   RO         1701    i.SystemClock_Config  main.o
    0x08002372   0x00000002   PAD
    0x08002374   0x00000048   Code   RO         2012    i.SystemInit        system_stm32f1xx.o
    0x080023bc   0x00000002   Code   RO         1574    i.UsageFault_Handler  stm32f1xx_it.o
    0x080023be   0x0000000e   Code   RO         2105    i.__scatterload_copy  mc_w.l(handlers.o)
    0x080023cc   0x00000002   Code   RO         2106    i.__scatterload_null  mc_w.l(handlers.o)
    0x080023ce   0x0000000e   Code   RO         2107    i.__scatterload_zeroinit  mc_w.l(handlers.o)
    0x080023dc   0x00000050   Code   RO         2053    i.free              mc_w.l(malloc.o)
    0x0800242c   0x00000070   Code   RO         1702    i.main              main.o
    0x0800249c   0x0000006c   Code   RO         2054    i.malloc            mc_w.l(malloc.o)
    0x08002508   0x00000010   Data   RO         2013    .constdata          system_stm32f1xx.o
    0x08002518   0x00000008   Data   RO         2014    .constdata          system_stm32f1xx.o
    0x08002520   0x00000020   Data   RO         2103    Region$$Table       anon$$obj.o


    Execution Region RW_IRAM1 (Base: 0x20000000, Size: 0x00000718, Max: 0x00005000, ABSOLUTE)

    Base Addr    Size         Type   Attr      Idx    E Section Name        Object

    0x20000000   0x00000001   Data   RW         1104    .data               stm32f1xx_hal_spi_ex.o
    0x20000001   0x00000003   PAD
    0x20000004   0x00000004   Data   RW         1450    .data               stm32f1xx_hal.o
    0x20000008   0x00000016   Data   RW         1704    .data               main.o
    0x2000001e   0x00000002   PAD
    0x20000020   0x00000004   Data   RW         2015    .data               system_stm32f1xx.o
    0x20000024   0x00000004   Data   RW         2099    .data               mc_w.l(mvars.o)
    0x20000028   0x00000004   Data   RW         2100    .data               mc_w.l(mvars.o)
    0x2000002c   0x000000e8   Zero   RW         1703    .bss                main.o
    0x20000114   0x00000004   PAD
    0x20000118   0x00000200   Zero   RW            2    HEAP                startup_stm32f103xb.o
    0x20000318   0x00000400   Zero   RW            1    STACK               startup_stm32f103xb.o


==============================================================================

Image component sizes


      Code (inc. data)   RO Data    RW Data    ZI Data      Debug   Object Name

       630         56          0         22        232       6773   main.o
      2124         12          0          0          0      20374   nrf24l01.o
        36          8        236          0       1536        776   startup_stm32f103xb.o
       120         16          0          4          0       3422   stm32f1xx_hal.o
       250         14          0          0          0      27788   stm32f1xx_hal_cortex.o
         0          0          0          0          0     428320   stm32f1xx_hal_flash_ex.o
       478         42          0          0          0       3539   stm32f1xx_hal_gpio.o
       288         36          0          0          0       1942   stm32f1xx_hal_msp.o
        24          4          0          0          0        487   stm32f1xx_hal_pwr.o
      1994         84          0          0          0       5105   stm32f1xx_hal_rcc.o
       540         44          0          0          0       2397   stm32f1xx_hal_rcc_ex.o
      1334         14          0          0          0      11498   stm32f1xx_hal_rtc.o
       848          0          0          0          0       2866   stm32f1xx_hal_spi.o
       136          4          0          1          0       1278   stm32f1xx_hal_spi_ex.o
        38          0          0          0          0       3985   stm32f1xx_it.o
        72         16         24          4          0       1311   system_stm32f1xx.o

    ----------------------------------------------------------------------
      8934        350        292         36       1772     521861   Object Totals
         0          0         32          0          0          0   (incl. Generated)
        22          0          0          5          4          0   (incl. Padding)

    ----------------------------------------------------------------------

      Code (inc. data)   RO Data    RW Data    ZI Data      Debug   Library Member Name

         0          0          0          0          0          0   entry.o
         0          0          0          0          0          0   entry10a.o
         0          0          0          0          0          0   entry11a.o
         8          4          0          0          0          0   entry2.o
         4          0          0          0          0          0   entry5.o
         0          0          0          0          0          0   entry7b.o
         0          0          0          0          0          0   entry8b.o
         8          4          0          0          0          0   entry9a.o
        30          0          0          0          0          0   handlers.o
        36          8          0          0          0         68   init.o
       188         20          0          0          0        160   malloc.o
        36          0          0          0          0        108   memseta.o
         0          0          0          8          0          0   mvars.o

    ----------------------------------------------------------------------
       310         36          0          8          0        336   Library Totals
         0          0          0          0          0          0   (incl. Padding)

    ----------------------------------------------------------------------

      Code (inc. data)   RO Data    RW Data    ZI Data      Debug   Library Name

       310         36          0          8          0        336   mc_w.l

    ----------------------------------------------------------------------
       310         36          0          8          0        336   Library Totals

    ----------------------------------------------------------------------

==============================================================================


      Code (inc. data)   RO Data    RW Data    ZI Data      Debug   

      9244        386        292         44       1772     517357   Grand Totals
      9244        386        292         44       1772     517357   ELF Image Totals
      9244        386        292         44          0          0   ROM Totals

==============================================================================

    Total RO  Size (Code + RO Data)                 9536 (   9.31kB)
    Total RW  Size (RW Data + ZI Data)              1816 (   1.77kB)
    Total ROM Size (Code + RO Data + RW Data)       9580 (   9.36kB)

==============================================================================

